Component: ARM Compiler 5.06 update 3 (build 300) Tool: armlink [4d35c9]

==============================================================================

Section Cross References

    main.o(i.main) refers to adc.o(i.ADC_Init) for ADC_Init
    main.o(i.main) refers to uart.o(i.UART_Init) for UART_Init
    main.o(i.main) refers to i2c.o(i.I2C_Init) for I2C_Init
    main.o(i.main) refers to oled.o(i.OLED_Init) for OLED_Init
    main.o(i.main) refers to key.o(i.key_init) for key_init
    main.o(i.main) refers to 24c02.o(i.AT24C02_ReadOneByte) for AT24C02_ReadOneByte
    main.o(i.main) refers to fflti.o(.text) for __aeabi_ui2f
    main.o(i.main) refers to ui.o(i.UI) for UI
    main.o(i.main) refers to temperature.o(.data) for low_temp
    temperature.o(i.hightemp_setting) refers to 24c02.o(i.AT24C02_ReadOneByte) for AT24C02_ReadOneByte
    temperature.o(i.hightemp_setting) refers to fflti.o(.text) for __aeabi_ui2f
    temperature.o(i.hightemp_setting) refers to oled.o(i.OLED_Print) for OLED_Print
    temperature.o(i.hightemp_setting) refers to aeabi_sdiv.o(.text) for __aeabi_idivmod
    temperature.o(i.hightemp_setting) refers to oled.o(i.OLED_PrintNum) for OLED_PrintNum
    temperature.o(i.hightemp_setting) refers to temperature.o(.data) for lasthigh_temp
    temperature.o(i.hightemp_setting) refers to key.o(.data) for key_value
    temperature.o(i.lowtemp_setting) refers to 24c02.o(i.AT24C02_ReadOneByte) for AT24C02_ReadOneByte
    temperature.o(i.lowtemp_setting) refers to fflti.o(.text) for __aeabi_ui2f
    temperature.o(i.lowtemp_setting) refers to oled.o(i.OLED_Print) for OLED_Print
    temperature.o(i.lowtemp_setting) refers to aeabi_sdiv.o(.text) for __aeabi_idivmod
    temperature.o(i.lowtemp_setting) refers to oled.o(i.OLED_PrintNum) for OLED_PrintNum
    temperature.o(i.lowtemp_setting) refers to temperature.o(.data) for lastlow_temp
    temperature.o(i.lowtemp_setting) refers to key.o(.data) for key_value
    temperature.o(i.temp) refers to _printf_pad.o(.text) for _printf_pre_padding
    temperature.o(i.temp) refers to _printf_percent.o(.ARM.Collect$$_printf_percent$$00000000) for _printf_percent
    temperature.o(i.temp) refers to _printf_f.o(.ARM.Collect$$_printf_percent$$00000003) for _printf_f
    temperature.o(i.temp) refers to printf1.o(x$fpl$printf1) for _printf_fp_dec
    temperature.o(i.temp) refers to uart.o(i.UART_Init) for UART_Init
    temperature.o(i.temp) refers to adc.o(i.ADC_Init) for ADC_Init
    temperature.o(i.temp) refers to aeabi_sdiv.o(.text) for __aeabi_uidivmod
    temperature.o(i.temp) refers to dflti.o(.text) for __aeabi_ui2d
    temperature.o(i.temp) refers to drlef.o(x$fpl$drleqf) for __aeabi_cdrcmple
    temperature.o(i.temp) refers to dlef.o(x$fpl$dleqf) for __aeabi_cdcmple
    temperature.o(i.temp) refers to daddsub.o(.text) for __aeabi_drsub
    temperature.o(i.temp) refers to dmul.o(.text) for __aeabi_dmul
    temperature.o(i.temp) refers to ddiv.o(.text) for __aeabi_ddiv
    temperature.o(i.temp) refers to dfixui.o(.text) for __aeabi_d2uiz
    temperature.o(i.temp) refers to noretval__2sprintf.o(.text) for __2sprintf
    temperature.o(i.temp) refers to uart.o(i.UART_SendStr) for UART_SendStr
    temperature.o(i.temp) refers to temperature.o(.data) for k
    temperature.o(i.temp) refers to temperature.o(.bss) for GcRcvBuf
    oled.o(i.Dly_ms) refers to aeabi_sdiv.o(.text) for __aeabi_uidivmod
    oled.o(i.Dly_ms) refers to oled.o(i.NVIC_SetPriority) for NVIC_SetPriority
    oled.o(i.Dly_ms) refers to system_lpc11xx.o(.data) for SystemCoreClock
    oled.o(i.Draw_BMP) refers to oled.o(i.OLED_Set_Pos) for OLED_Set_Pos
    oled.o(i.Draw_BMP) refers to oled.o(i.OLED_WrDat) for OLED_WrDat
    oled.o(i.OLED_CLS) refers to oled.o(i.OLED_WrCmd) for OLED_WrCmd
    oled.o(i.OLED_CLS) refers to oled.o(i.OLED_WrDat) for OLED_WrDat
    oled.o(i.OLED_DLY_ms) refers to aeabi_sdiv.o(.text) for __aeabi_idivmod
    oled.o(i.OLED_DLY_ms) refers to system_lpc11xx.o(.data) for SystemCoreClock
    oled.o(i.OLED_Fill) refers to oled.o(i.OLED_WrCmd) for OLED_WrCmd
    oled.o(i.OLED_Fill) refers to oled.o(i.OLED_WrDat) for OLED_WrDat
    oled.o(i.OLED_Init) refers to oled.o(i.OLED_WrCmd) for OLED_WrCmd
    oled.o(i.OLED_Init) refers to oled.o(i.OLED_Fill) for OLED_Fill
    oled.o(i.OLED_Init) refers to oled.o(i.OLED_Set_Pos) for OLED_Set_Pos
    oled.o(i.OLED_P14x16Str) refers to oled.o(i.OLED_Set_Pos) for OLED_Set_Pos
    oled.o(i.OLED_P14x16Str) refers to oled.o(i.OLED_WrDat) for OLED_WrDat
    oled.o(i.OLED_P14x16Str) refers to oled.o(.constdata) for F14x16_Idx
    oled.o(i.OLED_P6x8Str) refers to oled.o(i.OLED_Set_Pos) for OLED_Set_Pos
    oled.o(i.OLED_P6x8Str) refers to oled.o(i.OLED_WrDat) for OLED_WrDat
    oled.o(i.OLED_P6x8Str) refers to oled.o(.constdata) for F6x8
    oled.o(i.OLED_P8x16Str) refers to oled.o(i.OLED_Set_Pos) for OLED_Set_Pos
    oled.o(i.OLED_P8x16Str) refers to oled.o(i.OLED_WrDat) for OLED_WrDat
    oled.o(i.OLED_P8x16Str) refers to oled.o(.constdata) for F8X16
[...]
    __rtentry.o(.ARM.Collect$$rtentry$$00000000) refers (Special) to __rtentry2.o(.ARM.Collect$$rtentry$$00000009) for __rt_entry_postsh_1
    __rtentry.o(.ARM.Collect$$rtentry$$00000000) refers (Special) to __rtentry2.o(.ARM.Collect$$rtentry$$00000002) for __rt_entry_presh_1
    __rtentry.o(.ARM.Collect$$rtentry$$00000000) refers (Special) to __rtentry4.o(.ARM.Collect$$rtentry$$00000004) for __rt_entry_sh
    aeabi_idiv0_sigfpe.o(.text) refers to rt_div0.o(.text) for __rt_div0
    _printf_intcommon.o(.text) refers (Weak) to _printf_pad.o(.text) for _printf_pre_padding
    _printf_intcommon.o(.text) refers (Weak) to _printf_pad.o(.text) for _printf_pre_padding
    _printf_intcommon.o(.text) refers (Weak) to _printf_pad.o(.text) for _printf_post_padding
    _printf_fp_dec.o(.text) refers (Special) to usenofp.o(x$fpl$usenofp) for __I$use$fp
    _printf_fp_dec.o(.text) refers (Special) to lc_numeric_c.o(locale$$code) for _get_lc_numeric
    _printf_fp_dec.o(.text) refers to bigflt0.o(.text) for _btod_etento
    _printf_fp_dec.o(.text) refers to btod.o(.text) for _btod_d2e
    _printf_fp_dec.o(.text) refers to lludiv10.o(.text) for _ll_udiv10
    _printf_fp_dec.o(.text) refers to fpclassify.o(i.__ARM_fpclassify) for __ARM_fpclassify
    _printf_fp_dec.o(.text) refers to _printf_fp_infnan.o(.text) for _printf_fp_infnan
    _printf_fp_dec.o(.text) refers to rtudiv10.o(.text) for __rt_udiv10
    _printf_fp_dec.o(.text) refers (Weak) to _printf_pad.o(.text) for _printf_pre_padding
    _printf_fp_dec.o(.text) refers (Weak) to _printf_pad.o(.text) for _printf_pre_padding
    _printf_fp_dec.o(.text) refers to rt_locale_intlibspace.o(.text) for __rt_locale
    _printf_fp_dec.o(.text) refers (Weak) to _printf_pad.o(.text) for _printf_post_padding
    _printf_char_common.o(.text) refers to __printf_wp.o(.text) for __printf
    dcmpin.o(.text) refers (Special) to usenofp.o(x$fpl$usenofp) for __I$use$fp
    dcmpin.o(.text) refers to cmpret.o(.text) for __fpl_cmpreturn
    dcmpin.o(.text) refers to dnan2.o(.text) for __fpl_dcheck_NaN2
    __rtentry2.o(.ARM.Collect$$rtentry$$00000008) refers to boardinit2.o(.text) for _platform_post_stackheap_init
    __rtentry2.o(.ARM.Collect$$rtentry$$0000000A) refers to libinit.o(.ARM.Collect$$libinit$$00000000) for __rt_lib_init
    __rtentry2.o(.ARM.Collect$$rtentry$$0000000B) refers to boardinit3.o(.text) for _platform_post_lib_init
    __rtentry2.o(.ARM.Collect$$rtentry$$0000000D) refers to main.o(i.main) for main
    __rtentry2.o(.ARM.Collect$$rtentry$$0000000D) refers to exit.o(.text) for exit
    __rtentry2.o(.ARM.exidx) refers to __rtentry2.o(.ARM.Collect$$rtentry$$00000001) for .ARM.Collect$$rtentry$$00000001
    __rtentry2.o(.ARM.exidx) refers to __rtentry2.o(.ARM.Collect$$rtentry$$00000008) for .ARM.Collect$$rtentry$$00000008
    __rtentry2.o(.ARM.exidx) refers to __rtentry2.o(.ARM.Collect$$rtentry$$0000000A) for .ARM.Collect$$rtentry$$0000000A
    __rtentry2.o(.ARM.exidx) refers to __rtentry2.o(.ARM.Collect$$rtentry$$0000000B) for .ARM.Collect$$rtentry$$0000000B
    __rtentry2.o(.ARM.exidx) refers to __rtentry2.o(.ARM.Collect$$rtentry$$0000000D) for .ARM.Collect$$rtentry$$0000000D
    __rtentry4.o(.ARM.Collect$$rtentry$$00000004) refers to sys_stackheap_outer.o(.text) for __user_setup_stackheap
    __rtentry4.o(.ARM.exidx) refers to __rtentry4.o(.ARM.Collect$$rtentry$$00000004) for .ARM.Collect$$rtentry$$00000004
    rt_div0.o(.text) refers to defsig_fpe_outer.o(.text) for __rt_SIGFPE
    rt_locale.o(.text) refers to rt_locale.o(.bss) for __rt_locale_data
    rt_locale_intlibspace.o(.text) refers to libspace.o(.bss) for __libspace_start
    _printf_fp_infnan.o(.text) refers (Weak) to _printf_pad.o(.text) for _printf_pre_padding
    _printf_fp_infnan.o(.text) refers (Weak) to _printf_pad.o(.text) for _printf_post_padding
    bigflt0.o(.text) refers (Special) to usenofp.o(x$fpl$usenofp) for __I$use$fp
    bigflt0.o(.text) refers to aeabi_sdiv.o(.text) for __aeabi_idivmod
    bigflt0.o(.text) refers to btod.o(.text) for _btod_emul
    bigflt0.o(.text) refers to bigflt0.o(.constdata) for .constdata
    bigflt0.o(.constdata) refers (Special) to usenofp.o(x$fpl$usenofp) for __I$use$fp
    btod.o(.text) refers to btod.o(i.__ARM_common_ll_muluu) for __ARM_common_ll_muluu
    lc_numeric_c.o(locale$$data) refers (Special) to libinit2.o(.ARM.Collect$$libinit$$00000016) for __rt_lib_init_lc_numeric_2
    lc_numeric_c.o(locale$$code) refers (Special) to libinit2.o(.ARM.Collect$$libinit$$00000016) for __rt_lib_init_lc_numeric_2
    lc_numeric_c.o(locale$$code) refers to strcmp.o(.text) for strcmp
    lc_numeric_c.o(locale$$code) refers to lc_numeric_c.o(locale$$data) for __lcnum_c_name
    cmpret.o(.text) refers (Special) to usenofp.o(x$fpl$usenofp) for __I$use$fp
    dnan2.o(.text) refers (Special) to usenofp.o(x$fpl$usenofp) for __I$use$fp
    dnan2.o(.text) refers to retnan.o(.text) for __fpl_return_NaN
    ieee_status.o(.text) refers (Special) to usenofp.o(x$fpl$usenofp) for __I$use$fp
    fpclassify.o(i.__ARM_fpclassify) refers (Special) to usenofp.o(x$fpl$usenofp) for __I$use$fp
    libspace.o(.text) refers to libspace.o(.bss) for __libspace_start
    sys_stackheap_outer.o(.text) refers to libspace.o(.text) for __user_perproc_libspace
    sys_stackheap_outer.o(.text) refers to startup_lpc11xx.o(.text) for __user_initial_stackheap
    sys_stackheap_outer.o(__vectab_stack_and_reset_area) refers to tempstk.o(.text) for __temporary_stack_top
    sys_stackheap_outer.o(__vectab_stack_and_reset_area) refers to __main.o(!!!main) for __main
    exit.o(.text) refers to rtexit.o(.ARM.Collect$$rtexit$$00000000) for __rt_exit
    defsig_fpe_outer.o(.text) refers to defsig_fpe_inner.o(.text) for __rt_SIGFPE_inner
    defsig_fpe_outer.o(.text) refers to defsig_exit.o(.text) for __sig_exit
    defsig_fpe_formal.o(.text) refers to rt_raise.o(.text) for __rt_raise
    libinit.o(.ARM.Collect$$libinit$$00000000) refers (Special) to libinit2.o(.ARM.Collect$$libinit$$0000002E) for __rt_lib_init_alloca_1
    libinit.o(.ARM.Collect$$libinit$$00000000) refers (Special) to libinit2.o(.ARM.Collect$$libinit$$0000002C) for __rt_lib_init_argv_1
    libinit.o(.ARM.Collect$$libinit$$00000000) refers (Special) to libinit2.o(.ARM.Collect$$libinit$$0000001B) for __rt_lib_init_atexit_1
    libinit.o(.ARM.Collect$$libinit$$00000000) refers (Special) to libinit2.o(.ARM.Collect$$libinit$$00000021) for __rt_lib_init_clock_1
    libinit.o(.ARM.Collect$$libinit$$00000000) refers (Special) to libinit2.o(.ARM.Collect$$libinit$$00000032) for __rt_lib_init_cpp_1
    libinit.o(.ARM.Collect$$libinit$$00000000) refers (Special) to libinit2.o(.ARM.Collect$$libinit$$00000030) for __rt_lib_init_exceptions_1
    libinit.o(.ARM.Collect$$libinit$$00000000) refers (Special) to libinit2.o(.ARM.Collect$$libinit$$00000002) for __rt_lib_init_fp_1
    libinit.o(.ARM.Collect$$libinit$$00000000) refers (Special) to libinit2.o(.ARM.Collect$$libinit$$0000001F) for __rt_lib_init_fp_trap_1
    libinit.o(.ARM.Collect$$libinit$$00000000) refers (Special) to libinit2.o(.ARM.Collect$$libinit$$00000023) for __rt_lib_init_getenv_1
    libinit.o(.ARM.Collect$$libinit$$00000000) refers (Special) to libinit2.o(.ARM.Collect$$libinit$$0000000A) for __rt_lib_init_heap_1
    libinit.o(.ARM.Collect$$libinit$$00000000) refers (Special) to libinit2.o(.ARM.Collect$$libinit$$00000011) for __rt_lib_init_lc_collate_1
    libinit.o(.ARM.Collect$$libinit$$00000000) refers (Special) to libinit2.o(.ARM.Collect$$libinit$$00000013) for __rt_lib_init_lc_ctype_1
    libinit.o(.ARM.Collect$$libinit$$00000000) refers (Special) to libinit2.o(.ARM.Collect$$libinit$$00000015) for __rt_lib_init_lc_monetary_1
    libinit.o(.ARM.Collect$$libinit$$00000000) refers (Special) to libinit2.o(.ARM.Collect$$libinit$$00000017) for __rt_lib_init_lc_numeric_1
    libinit.o(.ARM.Collect$$libinit$$00000000) refers (Special) to libinit2.o(.ARM.Collect$$libinit$$00000019) for __rt_lib_init_lc_time_1
    libinit.o(.ARM.Collect$$libinit$$00000000) refers (Special) to libinit2.o(.ARM.Collect$$libinit$$00000004) for __rt_lib_init_preinit_1
    libinit.o(.ARM.Collect$$libinit$$00000000) refers (Special) to libinit2.o(.ARM.Collect$$libinit$$0000000E) for __rt_lib_init_rand_1
    libinit.o(.ARM.Collect$$libinit$$00000000) refers (Special) to libinit2.o(.ARM.Collect$$libinit$$00000033) for __rt_lib_init_return
    libinit.o(.ARM.Collect$$libinit$$00000000) refers (Special) to libinit2.o(.ARM.Collect$$libinit$$0000001D) for __rt_lib_init_signal_1
    libinit.o(.ARM.Collect$$libinit$$00000000) refers (Special) to libinit2.o(.ARM.Collect$$libinit$$00000025) for __rt_lib_init_stdio_1
    libinit.o(.ARM.Collect$$libinit$$00000000) refers (Special) to libinit2.o(.ARM.Collect$$libinit$$0000000C) for __rt_lib_init_user_alloc_1
    libinit2.o(.ARM.Collect$$libinit$$0000000F) refers (Weak) to rt_locale_intlibspace.o(.text) for __rt_locale
    libinit2.o(.ARM.Collect$$libinit$$00000010) refers to libinit2.o(.ARM.Collect$$libinit$$0000000F) for .ARM.Collect$$libinit$$0000000F
    libinit2.o(.ARM.Collect$$libinit$$00000012) refers to libinit2.o(.ARM.Collect$$libinit$$0000000F) for .ARM.Collect$$libinit$$0000000F
    libinit2.o(.ARM.Collect$$libinit$$00000014) refers to libinit2.o(.ARM.Collect$$libinit$$0000000F) for .ARM.Collect$$libinit$$0000000F
    libinit2.o(.ARM.Collect$$libinit$$00000016) refers to libinit2.o(.ARM.Collect$$libinit$$0000000F) for .ARM.Collect$$libinit$$0000000F
    libinit2.o(.ARM.Collect$$libinit$$00000016) refers (Weak) to lc_numeric_c.o(locale$$code) for _get_lc_numeric
    libinit2.o(.ARM.Collect$$libinit$$00000018) refers to libinit2.o(.ARM.Collect$$libinit$$0000000F) for .ARM.Collect$$libinit$$0000000F
    libinit2.o(.ARM.Collect$$libinit$$00000026) refers to argv_veneer.o(.text) for __ARM_argv_veneer
    libinit2.o(.ARM.Collect$$libinit$$00000027) refers to argv_veneer.o(.text) for __ARM_argv_veneer
    retnan.o(.text) refers (Special) to usenofp.o(x$fpl$usenofp) for __I$use$fp
    retnan.o(.text) refers to cmpret.o(.text) for __fpl_cmpreturn
    rtexit.o(.ARM.Collect$$rtexit$$00000000) refers (Special) to rtexit2.o(.ARM.Collect$$rtexit$$00000004) for __rt_exit_exit
    rtexit.o(.ARM.Collect$$rtexit$$00000000) refers (Special) to rtexit2.o(.ARM.Collect$$rtexit$$00000003) for __rt_exit_ls
    rtexit.o(.ARM.Collect$$rtexit$$00000000) refers (Special) to rtexit2.o(.ARM.Collect$$rtexit$$00000002) for __rt_exit_prels_1
    rtexit.o(.ARM.exidx) refers (Special) to rtexit2.o(.ARM.Collect$$rtexit$$00000004) for __rt_exit_exit
    rtexit.o(.ARM.exidx) refers (Special) to rtexit2.o(.ARM.Collect$$rtexit$$00000003) for __rt_exit_ls
    rtexit.o(.ARM.exidx) refers (Special) to rtexit2.o(.ARM.Collect$$rtexit$$00000002) for __rt_exit_prels_1
    rtexit.o(.ARM.exidx) refers to rtexit.o(.ARM.Collect$$rtexit$$00000000) for .ARM.Collect$$rtexit$$00000000
    rt_raise.o(.text) refers to __raise.o(.text) for __raise
    rt_raise.o(.text) refers to sys_exit.o(.text) for _sys_exit
    defsig_exit.o(.text) refers to sys_exit.o(.text) for _sys_exit
    defsig_fpe_inner.o(.text) refers to defsig_general.o(.text) for __default_signal_display
    sys_exit.o(.text) refers (Special) to use_no_semi.o(.text) for __I$use$semihosting
    sys_exit.o(.text) refers (Special) to indicate_semi.o(.text) for __semihosting_library_function
    rtexit2.o(.ARM.Collect$$rtexit$$00000003) refers to libshutdown.o(.ARM.Collect$$libshutdown$$00000000) for __rt_lib_shutdown
    rtexit2.o(.ARM.Collect$$rtexit$$00000004) refers to sys_exit.o(.text) for _sys_exit
    rtexit2.o(.ARM.exidx) refers to rtexit2.o(.ARM.Collect$$rtexit$$00000001) for .ARM.Collect$$rtexit$$00000001
    rtexit2.o(.ARM.exidx) refers to rtexit2.o(.ARM.Collect$$rtexit$$00000003) for .ARM.Collect$$rtexit$$00000003
    rtexit2.o(.ARM.exidx) refers to rtexit2.o(.ARM.Collect$$rtexit$$00000004) for .ARM.Collect$$rtexit$$00000004
    __raise.o(.text) refers to defsig.o(CL$$defsig) for __default_signal_handler
    defsig_general.o(.text) refers to sys_wrch.o(.text) for _ttywrch
    _get_argv_nomalloc.o(.text) refers (Special) to hrguard.o(.text) for __heap_region$guard
    _get_argv_nomalloc.o(.text) refers to defsig_rtmem_outer.o(.text) for __rt_SIGRTMEM
    _get_argv_nomalloc.o(.text) refers to sys_command.o(.text) for _sys_command_string
    sys_wrch.o(.text) refers (Special) to use_no_semi.o(.text) for __I$use$semihosting
    sys_wrch.o(.text) refers (Special) to indicate_semi.o(.text) for __semihosting_library_function
    sys_command.o(.text) refers (Special) to use_no_semi.o(.text) for __I$use$semihosting
    sys_command.o(.text) refers (Special) to indicate_semi.o(.text) for __semihosting_library_function
    defsig_rtmem_outer.o(.text) refers to defsig_rtmem_inner.o(.text) for __rt_SIGRTMEM_inner
    defsig_rtmem_outer.o(.text) refers to defsig_exit.o(.text) for __sig_exit
    defsig_rtmem_formal.o(.text) refers to rt_raise.o(.text) for __rt_raise
    defsig.o(CL$$defsig) refers to defsig_fpe_inner.o(.text) for __rt_SIGFPE_inner
    defsig.o(CL$$defsig) refers to defsig_rtmem_inner.o(.text) for __rt_SIGRTMEM_inner
    libshutdown.o(.ARM.Collect$$libshutdown$$00000000) refers (Special) to libshutdown2.o(.ARM.Collect$$libshutdown$$00000002) for __rt_lib_shutdown_cpp_1
    libshutdown.o(.ARM.Collect$$libshutdown$$00000000) refers (Special) to libshutdown2.o(.ARM.Collect$$libshutdown$$00000007) for __rt_lib_shutdown_fp_trap_1
    libshutdown.o(.ARM.Collect$$libshutdown$$00000000) refers (Special) to libshutdown2.o(.ARM.Collect$$libshutdown$$0000000F) for __rt_lib_shutdown_heap_1
    libshutdown.o(.ARM.Collect$$libshutdown$$00000000) refers (Special) to libshutdown2.o(.ARM.Collect$$libshutdown$$00000010) for __rt_lib_shutdown_return
    libshutdown.o(.ARM.Collect$$libshutdown$$00000000) refers (Special) to libshutdown2.o(.ARM.Collect$$libshutdown$$0000000A) for __rt_lib_shutdown_signal_1
    libshutdown.o(.ARM.Collect$$libshutdown$$00000000) refers (Special) to libshutdown2.o(.ARM.Collect$$libshutdown$$00000004) for __rt_lib_shutdown_stdio_1
    libshutdown.o(.ARM.Collect$$libshutdown$$00000000) refers (Special) to libshutdown2.o(.ARM.Collect$$libshutdown$$0000000C) for __rt_lib_shutdown_user_alloc_1
    defsig_abrt_inner.o(.text) refers to defsig_general.o(.text) for __default_signal_display
    defsig_rtred_inner.o(.text) refers to defsig_general.o(.text) for __default_signal_display
    defsig_rtmem_inner.o(.text) refers to defsig_general.o(.text) for __default_signal_display
    defsig_stak_inner.o(.text) refers to defsig_general.o(.text) for __default_signal_display
    defsig_pvfn_inner.o(.text) refers to defsig_general.o(.text) for __default_signal_display
    defsig_cppl_inner.o(.text) refers to defsig_general.o(.text) for __default_signal_display
    defsig_segv_inner.o(.text) refers to defsig_general.o(.text) for __default_signal_display
    defsig_other.o(.text) refers to defsig_general.o(.text) for __default_signal_display


==============================================================================

Removing Unused input sections from the image.

    Removing main.o(.rev16_text), (4 bytes).
    Removing main.o(.revsh_text), (4 bytes).
    Removing temperature.o(.rev16_text), (4 bytes).
    Removing temperature.o(.revsh_text), (4 bytes).
    Removing oled.o(.rev16_text), (4 bytes).
    Removing oled.o(.revsh_text), (4 bytes).
    Removing oled.o(i.Dly_ms), (88 bytes).
    Removing oled.o(i.Draw_BMP), (116 bytes).
    Removing oled.o(i.NVIC_SetPriority), (120 bytes).
    Removing oled.o(i.OLED_DLY_ms), (84 bytes).
    Removing oled.o(i.OLED_P8x16Str), (140 bytes).
    Removing oled.o(i.OLED_Rectangle), (128 bytes).
    Removing delay.o(.rev16_text), (4 bytes).
    Removing delay.o(.revsh_text), (4 bytes).
    Removing adc.o(.rev16_text), (4 bytes).
    Removing adc.o(.revsh_text), (4 bytes).
    Removing adc.o(i.NTC_Read), (56 bytes).
    Removing uart.o(.rev16_text), (4 bytes).
    Removing uart.o(.revsh_text), (4 bytes).
    Removing key.o(.rev16_text), (4 bytes).
    Removing key.o(.revsh_text), (4 bytes).
    Removing i2c.o(.rev16_text), (4 bytes).
    Removing i2c.o(.revsh_text), (4 bytes).
    Removing 24c02.o(.rev16_text), (4 bytes).
    Removing 24c02.o(.revsh_text), (4 bytes).
    Removing 24c02.o(i.AT24C02_Check), (46 bytes).
    Removing 24c02.o(i.AT24C02_Read), (34 bytes).
    Removing 24c02.o(i.AT24C02_Write), (36 bytes).
    Removing 24c02.o(.data), (1 bytes).
    Removing pwm.o(.rev16_text), (4 bytes).
    Removing pwm.o(.revsh_text), (4 bytes).
    Removing pwm.o(i.pwm_init), (144 bytes).
    Removing beep.o(.rev16_text), (4 bytes).
    Removing beep.o(.revsh_text), (4 bytes).
    Removing beep.o(i.BEEP_OFF), (20 bytes).
    Removing beep.o(i.BEEP_ON), (20 bytes).
    Removing beep.o(i.beep_init), (36 bytes).
    Removing ui.o(.rev16_text), (4 bytes).
    Removing ui.o(.revsh_text), (4 bytes).
    Removing system_lpc11xx.o(.rev16_text), (4 bytes).
    Removing system_lpc11xx.o(.revsh_text), (4 bytes).
    Removing system_lpc11xx.o(i.SystemCoreClockUpdate), (440 bytes).

42 unused section(s) (total 1613 bytes) removed from the image.

==============================================================================

Image Symbol Table

    Local Symbols

    Symbol Name                              Value     Ov Type        Size  Object(Section)

    RESET                                    0x00000000   Section      192  startup_lpc11xx.o(RESET)
    ../clib/../cmprslib/zerorunl2.c          0x00000000   Number         0  __dczerorl2.o ABSOLUTE
    ../clib/angel/boardlib.s                 0x00000000   Number         0  boardinit3.o ABSOLUTE
    ../clib/angel/boardlib.s                 0x00000000   Number         0  boardinit2.o ABSOLUTE
    ../clib/angel/boardlib.s                 0x00000000   Number         0  boardshut.o ABSOLUTE
    ../clib/angel/boardlib.s                 0x00000000   Number         0  boardinit1.o ABSOLUTE
    ../clib/angel/handlers.s                 0x00000000   Number         0  __scatter_zi.o ABSOLUTE
    ../clib/angel/kernel.s                   0x00000000   Number         0  __rtentry.o ABSOLUTE
    ../clib/angel/kernel.s                   0x00000000   Number         0  __rtentry4.o ABSOLUTE
    ../clib/angel/kernel.s                   0x00000000   Number         0  __rtentry2.o ABSOLUTE
    ../clib/angel/kernel.s                   0x00000000   Number         0  rtexit2.o ABSOLUTE
    ../clib/angel/kernel.s                   0x00000000   Number         0  rtexit.o ABSOLUTE
    ../clib/angel/rt.s                       0x00000000   Number         0  rt_locale_intlibspace.o ABSOLUTE
    ../clib/angel/rt.s                       0x00000000   Number         0  aeabi_idiv0.o ABSOLUTE
    ../clib/angel/rt.s                       0x00000000   Number         0  aeabi_idiv0_sigfpe.o ABSOLUTE
    ../clib/angel/rt.s                       0x00000000   Number         0  rt_div0.o ABSOLUTE
    ../clib/angel/rt.s                       0x00000000   Number         0  rt_raise.o ABSOLUTE
    ../clib/angel/rt.s                       0x00000000   Number         0  rt_locale.o ABSOLUTE
    ../clib/angel/scatterp.s                 0x00000000   Number         0  __scatter.o ABSOLUTE
    ../clib/angel/startup.s                  0x00000000   Number         0  __main.o ABSOLUTE
    ../clib/angel/sys.s                      0x00000000   Number         0  use_no_semi.o ABSOLUTE
    ../clib/angel/sys.s                      0x00000000   Number         0  tempstk.o ABSOLUTE
    ../clib/angel/sys.s                      0x00000000   Number         0  libspace.o ABSOLUTE
    ../clib/angel/sys.s                      0x00000000   Number         0  indicate_semi.o ABSOLUTE
    ../clib/angel/sys.s                      0x00000000   Number         0  sys_stackheap_outer.o ABSOLUTE
    ../clib/angel/sysapp.c                   0x00000000   Number         0  sys_exit.o ABSOLUTE
    ../clib/angel/sysapp.c                   0x00000000   Number         0  sys_command.o ABSOLUTE
    ../clib/angel/sysapp.c                   0x00000000   Number         0  sys_wrch.o ABSOLUTE
    ../clib/armsys.c                         0x00000000   Number         0  no_argv.o ABSOLUTE
    ../clib/armsys.c                         0x00000000   Number         0  argv_veneer.o ABSOLUTE
    ../clib/armsys.c                         0x00000000   Number         0  _get_argv_nomalloc.o ABSOLUTE
    ../clib/bigflt.c                         0x00000000   Number         0  bigflt0.o ABSOLUTE
    ../clib/btod.c                           0x00000000   Number         0  btod.o ABSOLUTE
    ../clib/division.c                       0x00000000   Number         0  rtudiv10.o ABSOLUTE
    ../clib/division.c                       0x00000000   Number         0  lludiv10.o ABSOLUTE
    ../clib/division.s                       0x00000000   Number         0  aeabi_sdiv_div0.o ABSOLUTE
    ../clib/division.s                       0x00000000   Number         0  aeabi_sdiv.o ABSOLUTE
    ../clib/heapalloc.c                      0x00000000   Number         0  hrguard.o ABSOLUTE
    ../clib/heapaux.c                        0x00000000   Number         0  heapauxi.o ABSOLUTE
    ../clib/libinit.s                        0x00000000   Number         0  libshutdown.o ABSOLUTE
    ../clib/libinit.s                        0x00000000   Number         0  libshutdown2.o ABSOLUTE
    ../clib/libinit.s                        0x00000000   Number         0  libinit.o ABSOLUTE
    ../clib/libinit.s                        0x00000000   Number         0  libinit2.o ABSOLUTE
    ../clib/locale.s                         0x00000000   Number         0  lc_numeric_c.o ABSOLUTE
    ../clib/misc.s                           0x00000000   Number         0  printf_stubs.o ABSOLUTE
    ../clib/printf.c                         0x00000000   Number         0  _printf_fp_dec.o ABSOLUTE
    ../clib/printf.c                         0x00000000   Number         0  _printf_pad.o ABSOLUTE
    ../clib/printf.c                         0x00000000   Number         0  __printf_wp.o ABSOLUTE
    ../clib/printf.c                         0x00000000   Number         0  __printf_flags_ss.o ABSOLUTE
    ../clib/printf.c                         0x00000000   Number         0  _sputc.o ABSOLUTE
    ../clib/printf.c                         0x00000000   Number         0  __printf.o ABSOLUTE
    ../clib/printf.c                         0x00000000   Number         0  _printf_intcommon.o ABSOLUTE
    ../clib/printf.c                         0x00000000   Number         0  noretval__2sprintf.o ABSOLUTE
    ../clib/printf.c                         0x00000000   Number         0  __printf_ss.o ABSOLUTE
    ../clib/printf.c                         0x00000000   Number         0  __2sprintf.o ABSOLUTE
    ../clib/printf.c                         0x00000000   Number         0  __printf_flags.o ABSOLUTE
    ../clib/printf.c                         0x00000000   Number         0  _printf_char_common.o ABSOLUTE
    ../clib/printf.c                         0x00000000   Number         0  _printf_dec.o ABSOLUTE
    ../clib/printf.c                         0x00000000   Number         0  __printf_nopercent.o ABSOLUTE
    ../clib/printf.c                         0x00000000   Number         0  _printf_fp_infnan.o ABSOLUTE
    ../clib/printf.c                         0x00000000   Number         0  __printf_flags_ss_wp.o ABSOLUTE
    ../clib/printf.c                         0x00000000   Number         0  __printf_ss_wp.o ABSOLUTE
    ../clib/printf.c                         0x00000000   Number         0  __printf_flags_wp.o ABSOLUTE
    ../clib/printf_percent.s                 0x00000000   Number         0  _printf_f.o ABSOLUTE
    ../clib/printf_percent.s                 0x00000000   Number         0  _printf_percent.o ABSOLUTE
    ../clib/printf_percent.s                 0x00000000   Number         0  _printf_percent_end.o ABSOLUTE
    ../clib/printf_percent.s                 0x00000000   Number         0  _printf_d.o ABSOLUTE
    ../clib/signal.c                         0x00000000   Number         0  defsig_pvfn_inner.o ABSOLUTE
    ../clib/signal.c                         0x00000000   Number         0  defsig_exit.o ABSOLUTE
    ../clib/signal.c                         0x00000000   Number         0  defsig_fpe_inner.o ABSOLUTE
    ../clib/signal.c                         0x00000000   Number         0  defsig_fpe_formal.o ABSOLUTE
    ../clib/signal.c                         0x00000000   Number         0  defsig_other.o ABSOLUTE
    ../clib/signal.c                         0x00000000   Number         0  defsig_segv_inner.o ABSOLUTE
    ../clib/signal.c                         0x00000000   Number         0  defsig_cppl_inner.o ABSOLUTE
    ../clib/signal.c                         0x00000000   Number         0  defsig_fpe_outer.o ABSOLUTE
    ../clib/signal.c                         0x00000000   Number         0  defsig_stak_inner.o ABSOLUTE
    ../clib/signal.c                         0x00000000   Number         0  defsig_rtmem_inner.o ABSOLUTE
    ../clib/signal.c                         0x00000000   Number         0  defsig_rtred_inner.o ABSOLUTE
    ../clib/signal.c                         0x00000000   Number         0  defsig_abrt_inner.o ABSOLUTE
    ../clib/signal.c                         0x00000000   Number         0  defsig_rtmem_formal.o ABSOLUTE
    ../clib/signal.c                         0x00000000   Number         0  defsig_rtmem_outer.o ABSOLUTE
    ../clib/signal.c                         0x00000000   Number         0  defsig_general.o ABSOLUTE
    ../clib/signal.c                         0x00000000   Number         0  __raise.o ABSOLUTE
    ../clib/signal.s                         0x00000000   Number         0  defsig.o ABSOLUTE
    ../clib/stdlib.c                         0x00000000   Number         0  exit.o ABSOLUTE
    ../clib/string.c                         0x00000000   Number         0  strcmp.o ABSOLUTE
    ../fplib/cfplib/cmpret.c                 0x00000000   Number         0  cmpret.o ABSOLUTE
    ../fplib/cfplib/daddsub.c                0x00000000   Number         0  daddsub.o ABSOLUTE
    ../fplib/cfplib/dcmpin.c                 0x00000000   Number         0  dcmpin.o ABSOLUTE
    ../fplib/cfplib/ddiv.c                   0x00000000   Number         0  ddiv.o ABSOLUTE
    ../fplib/cfplib/dmul.c                   0x00000000   Number         0  dmul.o ABSOLUTE
    ../fplib/cfplib/ffix.c                   0x00000000   Number         0  ffixi.o ABSOLUTE
    ../fplib/cfplib/ffix.c                   0x00000000   Number         0  dfixui.o ABSOLUTE
    ../fplib/cfplib/fflt.c                   0x00000000   Number         0  fflti.o ABSOLUTE
    ../fplib/cfplib/fflt.c                   0x00000000   Number         0  dflti.o ABSOLUTE
    ../fplib/cfplib/fpinit.c                 0x00000000   Number         0  fpinit.o ABSOLUTE
    ../fplib/cfplib/ieee_status.c            0x00000000   Number         0  ieee_status.o ABSOLUTE
    ../fplib/cfplib/nan2.c                   0x00000000   Number         0  dnan2.o ABSOLUTE
    ../fplib/cfplib/retnan.c                 0x00000000   Number         0  retnan.o ABSOLUTE
    ../fplib/dleqf6m.s                       0x00000000   Number         0  dlef.o ABSOLUTE
    ../fplib/drleqf6m.s                      0x00000000   Number         0  drlef.o ABSOLUTE
    ../fplib/printf1.s                       0x00000000   Number         0  printf1.o ABSOLUTE
    ../fplib/usenofp.s                       0x00000000   Number         0  usenofp.o ABSOLUTE
    ../mathlib/fpclassify.c                  0x00000000   Number         0  fpclassify.o ABSOLUTE
    ..\\src\\hard\\24c02.c                   0x00000000   Number         0  24c02.o ABSOLUTE
    ..\\src\\hard\\KEY.c                     0x00000000   Number         0  key.o ABSOLUTE
    ..\\src\\hard\\adc.c                     0x00000000   Number         0  adc.o ABSOLUTE
    ..\\src\\hard\\beep.c                    0x00000000   Number         0  beep.o ABSOLUTE
    ..\\src\\hard\\delay.c                   0x00000000   Number         0  delay.o ABSOLUTE
    ..\\src\\hard\\i2c.c                     0x00000000   Number         0  i2c.o ABSOLUTE
    ..\\src\\hard\\oled.c                    0x00000000   Number         0  oled.o ABSOLUTE
    ..\\src\\hard\\pwm.c                     0x00000000   Number         0  pwm.o ABSOLUTE
    ..\\src\\hard\\uart.c                    0x00000000   Number         0  uart.o ABSOLUTE
    ..\\src\\hard\\ui.c                      0x00000000   Number         0  ui.o ABSOLUTE
    ..\\src\\user\\main.c                    0x00000000   Number         0  main.o ABSOLUTE
    ..\\src\\user\\temperature.c             0x00000000   Number         0  temperature.o ABSOLUTE
    ..\src\hard\24c02.c                      0x00000000   Number         0  24c02.o ABSOLUTE
    ..\src\hard\KEY.c                        0x00000000   Number         0  key.o ABSOLUTE
    ..\src\hard\adc.c                        0x00000000   Number         0  adc.o ABSOLUTE
    ..\src\hard\beep.c                       0x00000000   Number         0  beep.o ABSOLUTE
    ..\src\hard\delay.c                      0x00000000   Number         0  delay.o ABSOLUTE
    ..\src\hard\i2c.c                        0x00000000   Number         0  i2c.o ABSOLUTE
    ..\src\hard\oled.c                       0x00000000   Number         0  oled.o ABSOLUTE
    ..\src\hard\pwm.c                        0x00000000   Number         0  pwm.o ABSOLUTE
    ..\src\hard\uart.c                       0x00000000   Number         0  uart.o ABSOLUTE
    ..\src\hard\ui.c                         0x00000000   Number         0  ui.o ABSOLUTE
    ..\src\user\main.c                       0x00000000   Number         0  main.o ABSOLUTE
    ..\src\user\temperature.c                0x00000000   Number         0  temperature.o ABSOLUTE
    RTE\Device\LPC1114FBD48_301\startup_LPC11xx.s 0x00000000   Number         0  startup_lpc11xx.o ABSOLUTE
    RTE\Device\LPC1114FBD48_301\system_LPC11xx.c 0x00000000   Number         0  system_lpc11xx.o ABSOLUTE
    RTE\\Device\\LPC1114FBD48_301\\system_LPC11xx.c 0x00000000   Number         0  system_lpc11xx.o ABSOLUTE
    dc.s                                     0x00000000   Number         0  dc.o ABSOLUTE
    !!!main                                  0x000000c0   Section        8  __main.o(!!!main)
    !!!scatter                               0x000000c8   Section       60  __scatter.o(!!!scatter)
    !!handler_zi                             0x00000104   Section       28  __scatter_zi.o(!!handler_zi)
    .ARM.Collect$$_printf_percent$$00000000  0x00000120   Section        2  _printf_percent.o(.ARM.Collect$$_printf_percent$$00000000)
    .ARM.Collect$$_printf_percent$$00000003  0x00000122   Section       10  _printf_f.o(.ARM.Collect$$_printf_percent$$00000003)
    .ARM.Collect$$_printf_percent$$00000009  0x0000012c   Section       10  _printf_d.o(.ARM.Collect$$_printf_percent$$00000009)
    .ARM.Collect$$_printf_percent$$00000017  0x00000136   Section        4  _printf_percent_end.o(.ARM.Collect$$_printf_percent$$00000017)
    .ARM.Collect$$libinit$$00000000          0x0000013a   Section        2  libinit.o(.ARM.Collect$$libinit$$00000000)
    .ARM.Collect$$libinit$$00000002          0x0000013c   Section        0  libinit2.o(.ARM.Collect$$libinit$$00000002)
    .ARM.Collect$$libinit$$00000004          0x0000013c   Section        0  libinit2.o(.ARM.Collect$$libinit$$00000004)
    .ARM.Collect$$libinit$$0000000A          0x0000013c   Section        0  libinit2.o(.ARM.Collect$$libinit$$0000000A)
    .ARM.Collect$$libinit$$0000000C          0x0000013c   Section        0  libinit2.o(.ARM.Collect$$libinit$$0000000C)
    .ARM.Collect$$libinit$$0000000E          0x0000013c   Section        0  libinit2.o(.ARM.Collect$$libinit$$0000000E)
    .ARM.Collect$$libinit$$0000000F          0x0000013c   Section        6  libinit2.o(.ARM.Collect$$libinit$$0000000F)
    .ARM.Collect$$libinit$$00000011          0x00000142   Section        0  libinit2.o(.ARM.Collect$$libinit$$00000011)
    .ARM.Collect$$libinit$$00000013          0x00000142   Section        0  libinit2.o(.ARM.Collect$$libinit$$00000013)
    .ARM.Collect$$libinit$$00000015          0x00000142   Section        0  libinit2.o(.ARM.Collect$$libinit$$00000015)
    .ARM.Collect$$libinit$$00000016          0x00000142   Section       10  libinit2.o(.ARM.Collect$$libinit$$00000016)
    .ARM.Collect$$libinit$$00000017          0x0000014c   Section        0  libinit2.o(.ARM.Collect$$libinit$$00000017)
    .ARM.Collect$$libinit$$00000019          0x0000014c   Section        0  libinit2.o(.ARM.Collect$$libinit$$00000019)
    .ARM.Collect$$libinit$$0000001B          0x0000014c   Section        0  libinit2.o(.ARM.Collect$$libinit$$0000001B)
    .ARM.Collect$$libinit$$0000001D          0x0000014c   Section        0  libinit2.o(.ARM.Collect$$libinit$$0000001D)
    .ARM.Collect$$libinit$$0000001F          0x0000014c   Section        0  libinit2.o(.ARM.Collect$$libinit$$0000001F)
    .ARM.Collect$$libinit$$00000021          0x0000014c   Section        0  libinit2.o(.ARM.Collect$$libinit$$00000021)
    .ARM.Collect$$libinit$$00000023          0x0000014c   Section        0  libinit2.o(.ARM.Collect$$libinit$$00000023)
    .ARM.Collect$$libinit$$00000025          0x0000014c   Section        0  libinit2.o(.ARM.Collect$$libinit$$00000025)
    .ARM.Collect$$libinit$$0000002C          0x0000014c   Section        0  libinit2.o(.ARM.Collect$$libinit$$0000002C)
    .ARM.Collect$$libinit$$0000002E          0x0000014c   Section        0  libinit2.o(.ARM.Collect$$libinit$$0000002E)
    .ARM.Collect$$libinit$$00000030          0x0000014c   Section        0  libinit2.o(.ARM.Collect$$libinit$$00000030)
    .ARM.Collect$$libinit$$00000032          0x0000014c   Section        0  libinit2.o(.ARM.Collect$$libinit$$00000032)
    .ARM.Collect$$libinit$$00000033          0x0000014c   Section        2  libinit2.o(.ARM.Collect$$libinit$$00000033)
    .ARM.Collect$$libshutdown$$00000000      0x0000014e   Section        2  libshutdown.o(.ARM.Collect$$libshutdown$$00000000)
    .ARM.Collect$$libshutdown$$00000002      0x00000150   Section        0  libshutdown2.o(.ARM.Collect$$libshutdown$$00000002)
    .ARM.Collect$$libshutdown$$00000004      0x00000150   Section        0  libshutdown2.o(.ARM.Collect$$libshutdown$$00000004)
    .ARM.Collect$$libshutdown$$00000007      0x00000150   Section        0  libshutdown2.o(.ARM.Collect$$libshutdown$$00000007)
    .ARM.Collect$$libshutdown$$0000000A      0x00000150   Section        0  libshutdown2.o(.ARM.Collect$$libshutdown$$0000000A)
    .ARM.Collect$$libshutdown$$0000000C      0x00000150   Section        0  libshutdown2.o(.ARM.Collect$$libshutdown$$0000000C)
    .ARM.Collect$$libshutdown$$0000000F      0x00000150   Section        0  libshutdown2.o(.ARM.Collect$$libshutdown$$0000000F)
    .ARM.Collect$$libshutdown$$00000010      0x00000150   Section        2  libshutdown2.o(.ARM.Collect$$libshutdown$$00000010)
    .ARM.Collect$$rtentry$$00000000          0x00000152   Section        0  __rtentry.o(.ARM.Collect$$rtentry$$00000000)
    .ARM.Collect$$rtentry$$00000002          0x00000152   Section        0  __rtentry2.o(.ARM.Collect$$rtentry$$00000002)
    .ARM.Collect$$rtentry$$00000004          0x00000152   Section        6  __rtentry4.o(.ARM.Collect$$rtentry$$00000004)
    .ARM.Collect$$rtentry$$00000009          0x00000158   Section        0  __rtentry2.o(.ARM.Collect$$rtentry$$00000009)
    .ARM.Collect$$rtentry$$0000000A          0x00000158   Section        4  __rtentry2.o(.ARM.Collect$$rtentry$$0000000A)
    .ARM.Collect$$rtentry$$0000000C          0x0000015c   Section        0  __rtentry2.o(.ARM.Collect$$rtentry$$0000000C)
    .ARM.Collect$$rtentry$$0000000D          0x0000015c   Section        8  __rtentry2.o(.ARM.Collect$$rtentry$$0000000D)
    .ARM.Collect$$rtexit$$00000000           0x00000164   Section        2  rtexit.o(.ARM.Collect$$rtexit$$00000000)
    .ARM.Collect$$rtexit$$00000002           0x00000166   Section        0  rtexit2.o(.ARM.Collect$$rtexit$$00000002)
    .ARM.Collect$$rtexit$$00000003           0x00000166   Section        4  rtexit2.o(.ARM.Collect$$rtexit$$00000003)
    .ARM.Collect$$rtexit$$00000004           0x0000016a   Section        6  rtexit2.o(.ARM.Collect$$rtexit$$00000004)
    .text                                    0x00000170   Section       52  startup_lpc11xx.o(.text)
    .text                                    0x000001a4   Section        0  noretval__2sprintf.o(.text)
    .text                                    0x000001cc   Section        0  _printf_pad.o(.text)
    .text                                    0x0000021c   Section        0  _printf_dec.o(.text)
    .text                                    0x00000288   Section        0  heapauxi.o(.text)
    .text                                    0x00000290   Section        0  dfixui.o(.text)
    .text                                    0x000002d8   Section        0  _sputc.o(.text)
    .text                                    0x000002e4   Section        8  rt_locale_intlibspace.o(.text)
    .text                                    0x000002ec   Section        8  libspace.o(.text)
    .text                                    0x000002f4   Section        2  use_no_semi.o(.text)
    .text                                    0x000002f6   Section        0  indicate_semi.o(.text)
    x$fpl$usenofp                            0x000002f6   Section        0  usenofp.o(x$fpl$usenofp)
    .ARM.__at_0x02FC                         0x000002fc   Section        4  startup_lpc11xx.o(.ARM.__at_0x02FC)
    .text                                    0x00000300   Section        0  __printf_wp.o(.text)
    .text                                    0x0000040e   Section      346  aeabi_sdiv.o(.text)
    .text                                    0x00000568   Section        0  daddsub.o(.text)
    _dadd1                                   0x00000569   Thumb Code   290  daddsub.o(.text)
    _dsub1                                   0x0000068b   Thumb Code   470  daddsub.o(.text)
    .text                                    0x000008c0   Section        0  ddiv.o(.text)
    .text                                    0x00000d08   Section        0  dflti.o(.text)
    .text                                    0x00000d60   Section        0  dmul.o(.text)
    .text                                    0x00000fa8   Section        0  ffixi.o(.text)
    .text                                    0x00000ff4   Section        0  fflti.o(.text)
    .text                                    0x00001052   Section        0  _printf_intcommon.o(.text)
    .text                                    0x00001104   Section        0  _printf_fp_dec.o(.text)
    _fp_digits                               0x00001107   Thumb Code   408  _printf_fp_dec.o(.text)
    .text                                    0x00001518   Section        0  _printf_char_common.o(.text)
    _printf_input_char                       0x00001519   Thumb Code    10  _printf_char_common.o(.text)
    .text                                    0x00001548   Section        0  rtudiv10.o(.text)
    .text                                    0x00001570   Section        0  dcmpin.o(.text)
    .text                                    0x00001600   Section        0  lludiv10.o(.text)
    .text                                    0x0000167c   Section        0  _printf_fp_infnan.o(.text)
    .text                                    0x00001704   Section        0  bigflt0.o(.text)
    .text                                    0x000017cc   Section        0  btod.o(.text)
    btod_internal_mul                        0x0000180d   Thumb Code   456  btod.o(.text)
    btod_internal_div                        0x000019d5   Thumb Code   494  btod.o(.text)
    .text                                    0x00001c74   Section        0  cmpret.o(.text)
    .text                                    0x00001ca4   Section        0  dnan2.o(.text)
    .text                                    0x00001cb8   Section       62  sys_stackheap_outer.o(.text)
    .text                                    0x00001cf6   Section        0  exit.o(.text)
    .text                                    0x00001d08   Section        0  strcmp.o(.text)
    .text                                    0x00001d90   Section        0  retnan.o(.text)
    .text                                    0x00001df0   Section        0  sys_exit.o(.text)
    .text                                    0x00001dfc   Section        0  __dczerorl2.o(.text)
    i.ADC_Init                               0x00001e54   Section        0  adc.o(i.ADC_Init)
    i.AT24C02_ReadOneByte                    0x00002080   Section        0  24c02.o(i.AT24C02_ReadOneByte)
    i.AT24C02_WriteOneByte                   0x000020a6   Section        0  24c02.o(i.AT24C02_WriteOneByte)
    i.I2C_Init                               0x000020cc   Section        0  i2c.o(i.I2C_Init)
    i.I2C_Recieve_Byte                       0x00002170   Section        0  i2c.o(i.I2C_Recieve_Byte)
    i.I2C_Send_Byte                          0x00002190   Section        0  i2c.o(i.I2C_Send_Byte)
    i.I2C_Send_Ctrl                          0x000021ae   Section        0  i2c.o(i.I2C_Send_Ctrl)
    i.I2C_Stop                               0x00002214   Section        0  i2c.o(i.I2C_Stop)
    i.OLED_CLS                               0x00002228   Section        0  oled.o(i.OLED_CLS)
    i.OLED_Fill                              0x00002260   Section        0  oled.o(i.OLED_Fill)
    i.OLED_Init                              0x0000229c   Section        0  oled.o(i.OLED_Init)
    i.OLED_P14x16Str                         0x000023c4   Section        0  oled.o(i.OLED_P14x16Str)
    i.OLED_P6x8Str                           0x000024c0   Section        0  oled.o(i.OLED_P6x8Str)
    i.OLED_Print                             0x00002520   Section        0  oled.o(i.OLED_Print)
    i.OLED_PrintNum                          0x00002580   Section        0  oled.o(i.OLED_PrintNum)
    i.OLED_Set_Pos                           0x000025a8   Section        0  oled.o(i.OLED_Set_Pos)
    i.OLED_WrCmd                             0x000025d8   Section        0  oled.o(i.OLED_WrCmd)
    i.OLED_WrDat                             0x00002644   Section        0  oled.o(i.OLED_WrDat)
    i.PIOINT3_IRQHandler                     0x000026b0   Section        0  key.o(i.PIOINT3_IRQHandler)
    i.SystemInit                             0x000027ec   Section        0  system_lpc11xx.o(i.SystemInit)
    i.UART_Init                              0x0000288c   Section        0  uart.o(i.UART_Init)
    i.UART_SendByte                          0x00002934   Section        0  uart.o(i.UART_SendByte)
    i.UART_SendStr                           0x0000294c   Section        0  uart.o(i.UART_SendStr)
    i.UART_send                              0x00002968   Section        0  uart.o(i.UART_send)
    i.UI                                     0x0000298c   Section        0  ui.o(i.UI)
    i.__ARM_common_ll_muluu                  0x00002c54   Section        0  btod.o(i.__ARM_common_ll_muluu)
    i.__ARM_common_switch8                   0x00002c84   Section        0  adc.o(i.__ARM_common_switch8)
    i.__ARM_fpclassify                       0x00002ca0   Section        0  fpclassify.o(i.__ARM_fpclassify)
    i._is_digit                              0x00002ccc   Section        0  __printf_wp.o(i._is_digit)
    i.delay                                  0x00002cdc   Section        0  delay.o(i.delay)
    i.delay_i2c                              0x00002cfc   Section        0  24c02.o(i.delay_i2c)
    i.hightemp_setting                       0x00002d1c   Section        0  temperature.o(i.hightemp_setting)
    i.key_init                               0x00002de0   Section        0  key.o(i.key_init)
    i.lowtemp_setting                        0x00002e08   Section        0  temperature.o(i.lowtemp_setting)
    i.main                                   0x00002ed0   Section        0  main.o(i.main)
    i.printscreen                            0x00002f18   Section        0  ui.o(i.printscreen)
    i.temp                                   0x00002fac   Section        0  temperature.o(i.temp)
    locale$$code                             0x00003304   Section       44  lc_numeric_c.o(locale$$code)
    x$fpl$dleqf                              0x00003330   Section      100  dlef.o(x$fpl$dleqf)
    x$fpl$drleqf                             0x00003394   Section      104  drlef.o(x$fpl$drleqf)
    x$fpl$printf1                            0x000033fc   Section       16  printf1.o(x$fpl$printf1)
    .constdata                               0x0000340c   Section     2463  oled.o(.constdata)
    .constdata                               0x00003dab   Section      128  ddiv.o(.constdata)
    ddiv_reciptbl                            0x00003dab   Data         128  ddiv.o(.constdata)
    .constdata                               0x00003e2c   Section      148  bigflt0.o(.constdata)
    tenpwrs_x                                0x00003e2c   Data          60  bigflt0.o(.constdata)
    tenpwrs_i                                0x00003e68   Data          64  bigflt0.o(.constdata)
    locale$$data                             0x00003ee0   Section       28  lc_numeric_c.o(locale$$data)
    __lcnum_c_name                           0x00003ee4   Data           2  lc_numeric_c.o(locale$$data)
    __lcnum_c_start                          0x00003eec   Data           0  lc_numeric_c.o(locale$$data)
    __lcnum_c_point                          0x00003ef8   Data           0  lc_numeric_c.o(locale$$data)
    __lcnum_c_thousands                      0x00003efa   Data           0  lc_numeric_c.o(locale$$data)
    __lcnum_c_grouping                       0x00003efb   Data           0  lc_numeric_c.o(locale$$data)
    __lcnum_c_end                            0x00003efc   Data           0  lc_numeric_c.o(locale$$data)
    .data                                    0x10000000   Section       24  temperature.o(.data)
    .data                                    0x10000018   Section        8  key.o(.data)
    .data                                    0x10000020   Section     1646  ui.o(.data)
    scr                                      0x10000030   Data        1630  ui.o(.data)
    .data                                    0x10000690   Section        4  system_lpc11xx.o(.data)
    .bss                                     0x10000694   Section       20  temperature.o(.bss)
    .bss                                     0x100006a8   Section       96  libspace.o(.bss)
    HEAP                                     0x10000708   Section        0  startup_lpc11xx.o(HEAP)
    STACK                                    0x10000708   Section      512  startup_lpc11xx.o(STACK)
    Heap_Mem                                 0x10000708   Data           0  startup_lpc11xx.o(HEAP)
    Stack_Mem                                0x10000708   Data         512  startup_lpc11xx.o(STACK)
    __initial_sp                             0x10000908   Data           0  startup_lpc11xx.o(STACK)

    Global Symbols

    Symbol Name                              Value     Ov Type        Size  Object(Section)

    BuildAttributes$$THM_ISAv3M$S$PE$A:L22$X:L11$S22$IEEE1$IW$USESV6$~STKCKD$USESV7$~SHL$OTIME$ROPI$IEEEJ$EBA8$UX$STANDARDLIB$REQ8$PRES8$EABIv2 0x00000000   Number         0  anon$$obj.o ABSOLUTE
    __ARM_use_no_argv                        0x00000000   Number         0  main.o ABSOLUTE
    __Vectors                                0x00000000   Data           4  startup_lpc11xx.o(RESET)
    _printf_flags                            0x00000000   Number         0  printf_stubs.o ABSOLUTE
    _printf_return_value                     0x00000000   Number         0  printf_stubs.o ABSOLUTE
    _printf_sizespec                         0x00000000   Number         0  printf_stubs.o ABSOLUTE
    _printf_widthprec                        0x00000000   Number         0  printf_stubs.o ABSOLUTE
    __ARM_exceptions_init                     - Undefined Weak Reference
    __alloca_initialize                       - Undefined Weak Reference
    __arm_preinit_                            - Undefined Weak Reference
    __cpp_initialize__aeabi_                  - Undefined Weak Reference
    __cxa_finalize                            - Undefined Weak Reference
    __sigvec_lookup                           - Undefined Weak Reference
    _atexit_init                              - Undefined Weak Reference
    _call_atexit_fns                          - Undefined Weak Reference
    _clock_init                               - Undefined Weak Reference
    _fp_trap_init                             - Undefined Weak Reference
    _fp_trap_shutdown                         - Undefined Weak Reference
    _get_lc_collate                           - Undefined Weak Reference
    _get_lc_ctype                             - Undefined Weak Reference
    _get_lc_monetary                          - Undefined Weak Reference
    _get_lc_time                              - Undefined Weak Reference
    _getenv_init                              - Undefined Weak Reference
    _handle_redirection                       - Undefined Weak Reference
    _init_alloc                               - Undefined Weak Reference
    _init_user_alloc                          - Undefined Weak Reference
    _initio                                   - Undefined Weak Reference
    _printf_truncate_signed                   - Undefined Weak Reference
    _printf_truncate_unsigned                 - Undefined Weak Reference
    _rand_init                                - Undefined Weak Reference
    _signal_finish                            - Undefined Weak Reference
    _signal_init                              - Undefined Weak Reference
    _terminate_alloc                          - Undefined Weak Reference
    _terminate_user_alloc                     - Undefined Weak Reference
    _terminateio                              - Undefined Weak Reference
    __main                                   0x000000c1   Thumb Code     8  __main.o(!!!main)
    __scatterload                            0x000000c9   Thumb Code     0  __scatter.o(!!!scatter)
    __scatterload_rt2                        0x000000c9   Thumb Code    52  __scatter.o(!!!scatter)
    __scatterload_rt2_thumb_only             0x000000c9   Thumb Code     0  __scatter.o(!!!scatter)
    __scatterload_null                       0x000000d9   Thumb Code     0  __scatter.o(!!!scatter)
    __scatterload_zeroinit                   0x00000105   Thumb Code    28  __scatter_zi.o(!!handler_zi)
    _printf_percent                          0x00000121   Thumb Code     0  _printf_percent.o(.ARM.Collect$$_printf_percent$$00000000)
    _printf_f                                0x00000123   Thumb Code     0  _printf_f.o(.ARM.Collect$$_printf_percent$$00000003)
    _printf_d                                0x0000012d   Thumb Code     0  _printf_d.o(.ARM.Collect$$_printf_percent$$00000009)
    _printf_percent_end                      0x00000137   Thumb Code     0  _printf_percent_end.o(.ARM.Collect$$_printf_percent$$00000017)
    __rt_lib_init                            0x0000013b   Thumb Code     0  libinit.o(.ARM.Collect$$libinit$$00000000)
    __rt_lib_init_fp_1                       0x0000013d   Thumb Code     0  libinit2.o(.ARM.Collect$$libinit$$00000002)
    __rt_lib_init_heap_1                     0x0000013d   Thumb Code     0  libinit2.o(.ARM.Collect$$libinit$$0000000A)
    __rt_lib_init_lc_common                  0x0000013d   Thumb Code     0  libinit2.o(.ARM.Collect$$libinit$$0000000F)
    __rt_lib_init_preinit_1                  0x0000013d   Thumb Code     0  libinit2.o(.ARM.Collect$$libinit$$00000004)
    __rt_lib_init_rand_1                     0x0000013d   Thumb Code     0  libinit2.o(.ARM.Collect$$libinit$$0000000E)
    __rt_lib_init_user_alloc_1               0x0000013d   Thumb Code     0  libinit2.o(.ARM.Collect$$libinit$$0000000C)
    __rt_lib_init_lc_collate_1               0x00000143   Thumb Code     0  libinit2.o(.ARM.Collect$$libinit$$00000011)
    __rt_lib_init_lc_ctype_1                 0x00000143   Thumb Code     0  libinit2.o(.ARM.Collect$$libinit$$00000013)
    __rt_lib_init_lc_monetary_1              0x00000143   Thumb Code     0  libinit2.o(.ARM.Collect$$libinit$$00000015)
    __rt_lib_init_lc_numeric_2               0x00000143   Thumb Code     0  libinit2.o(.ARM.Collect$$libinit$$00000016)
    __rt_lib_init_alloca_1                   0x0000014d   Thumb Code     0  libinit2.o(.ARM.Collect$$libinit$$0000002E)
    __rt_lib_init_argv_1                     0x0000014d   Thumb Code     0  libinit2.o(.ARM.Collect$$libinit$$0000002C)
    __rt_lib_init_atexit_1                   0x0000014d   Thumb Code     0  libinit2.o(.ARM.Collect$$libinit$$0000001B)
    __rt_lib_init_clock_1                    0x0000014d   Thumb Code     0  libinit2.o(.ARM.Collect$$libinit$$00000021)
    __rt_lib_init_cpp_1                      0x0000014d   Thumb Code     0  libinit2.o(.ARM.Collect$$libinit$$00000032)
    __rt_lib_init_exceptions_1               0x0000014d   Thumb Code     0  libinit2.o(.ARM.Collect$$libinit$$00000030)
    __rt_lib_init_fp_trap_1                  0x0000014d   Thumb Code     0  libinit2.o(.ARM.Collect$$libinit$$0000001F)
    __rt_lib_init_getenv_1                   0x0000014d   Thumb Code     0  libinit2.o(.ARM.Collect$$libinit$$00000023)
    __rt_lib_init_lc_numeric_1               0x0000014d   Thumb Code     0  libinit2.o(.ARM.Collect$$libinit$$00000017)
    __rt_lib_init_lc_time_1                  0x0000014d   Thumb Code     0  libinit2.o(.ARM.Collect$$libinit$$00000019)
    __rt_lib_init_return                     0x0000014d   Thumb Code     0  libinit2.o(.ARM.Collect$$libinit$$00000033)
    __rt_lib_init_signal_1                   0x0000014d   Thumb Code     0  libinit2.o(.ARM.Collect$$libinit$$0000001D)
    __rt_lib_init_stdio_1                    0x0000014d   Thumb Code     0  libinit2.o(.ARM.Collect$$libinit$$00000025)
    __rt_lib_shutdown                        0x0000014f   Thumb Code     0  libshutdown.o(.ARM.Collect$$libshutdown$$00000000)
    __rt_lib_shutdown_cpp_1                  0x00000151   Thumb Code     0  libshutdown2.o(.ARM.Collect$$libshutdown$$00000002)
    __rt_lib_shutdown_fp_trap_1              0x00000151   Thumb Code     0  libshutdown2.o(.ARM.Collect$$libshutdown$$00000007)
    __rt_lib_shutdown_heap_1                 0x00000151   Thumb Code     0  libshutdown2.o(.ARM.Collect$$libshutdown$$0000000F)
    __rt_lib_shutdown_return                 0x00000151   Thumb Code     0  libshutdown2.o(.ARM.Collect$$libshutdown$$00000010)
    __rt_lib_shutdown_signal_1               0x00000151   Thumb Code     0  libshutdown2.o(.ARM.Collect$$libshutdown$$0000000A)
    __rt_lib_shutdown_stdio_1                0x00000151   Thumb Code     0  libshutdown2.o(.ARM.Collect$$libshutdown$$00000004)
    __rt_lib_shutdown_user_alloc_1           0x00000151   Thumb Code     0  libshutdown2.o(.ARM.Collect$$libshutdown$$0000000C)
    __rt_entry                               0x00000153   Thumb Code     0  __rtentry.o(.ARM.Collect$$rtentry$$00000000)
    __rt_entry_presh_1                       0x00000153   Thumb Code     0  __rtentry2.o(.ARM.Collect$$rtentry$$00000002)
    __rt_entry_sh                            0x00000153   Thumb Code     0  __rtentry4.o(.ARM.Collect$$rtentry$$00000004)
    __rt_entry_li                            0x00000159   Thumb Code     0  __rtentry2.o(.ARM.Collect$$rtentry$$0000000A)
    __rt_entry_postsh_1                      0x00000159   Thumb Code     0  __rtentry2.o(.ARM.Collect$$rtentry$$00000009)
    __rt_entry_main                          0x0000015d   Thumb Code     0  __rtentry2.o(.ARM.Collect$$rtentry$$0000000D)
    __rt_entry_postli_1                      0x0000015d   Thumb Code     0  __rtentry2.o(.ARM.Collect$$rtentry$$0000000C)
    __rt_exit                                0x00000165   Thumb Code     0  rtexit.o(.ARM.Collect$$rtexit$$00000000)
    __rt_exit_ls                             0x00000167   Thumb Code     0  rtexit2.o(.ARM.Collect$$rtexit$$00000003)
    __rt_exit_prels_1                        0x00000167   Thumb Code     0  rtexit2.o(.ARM.Collect$$rtexit$$00000002)
    __rt_exit_exit                           0x0000016b   Thumb Code     0  rtexit2.o(.ARM.Collect$$rtexit$$00000004)
    Reset_Handler                            0x00000171   Thumb Code     8  startup_lpc11xx.o(.text)
    NMI_Handler                              0x00000179   Thumb Code     2  startup_lpc11xx.o(.text)
    HardFault_Handler                        0x0000017b   Thumb Code     2  startup_lpc11xx.o(.text)
    SVC_Handler                              0x0000017d   Thumb Code     2  startup_lpc11xx.o(.text)
    PendSV_Handler                           0x0000017f   Thumb Code     2  startup_lpc11xx.o(.text)
    SysTick_Handler                          0x00000181   Thumb Code     2  startup_lpc11xx.o(.text)
    ADC_IRQHandler                           0x00000183   Thumb Code     0  startup_lpc11xx.o(.text)
    BOD_IRQHandler                           0x00000183   Thumb Code     0  startup_lpc11xx.o(.text)
    CAN_IRQHandler                           0x00000183   Thumb Code     0  startup_lpc11xx.o(.text)
    FMC_IRQHandler                           0x00000183   Thumb Code     0  startup_lpc11xx.o(.text)
    I2C_IRQHandler                           0x00000183   Thumb Code     0  startup_lpc11xx.o(.text)
    PIOINT0_IRQHandler                       0x00000183   Thumb Code     0  startup_lpc11xx.o(.text)
    PIOINT1_IRQHandler                       0x00000183   Thumb Code     0  startup_lpc11xx.o(.text)
    PIOINT2_IRQHandler                       0x00000183   Thumb Code     0  startup_lpc11xx.o(.text)
    SSP0_IRQHandler                          0x00000183   Thumb Code     0  startup_lpc11xx.o(.text)
    SSP1_IRQHandler                          0x00000183   Thumb Code     0  startup_lpc11xx.o(.text)
    TIMER16_0_IRQHandler                     0x00000183   Thumb Code     0  startup_lpc11xx.o(.text)
    TIMER16_1_IRQHandler                     0x00000183   Thumb Code     0  startup_lpc11xx.o(.text)
    TIMER32_0_IRQHandler                     0x00000183   Thumb Code     0  startup_lpc11xx.o(.text)
    TIMER32_1_IRQHandler                     0x00000183   Thumb Code     0  startup_lpc11xx.o(.text)
    UART_IRQHandler                          0x00000183   Thumb Code     0  startup_lpc11xx.o(.text)
    USB_FIQHandler                           0x00000183   Thumb Code     0  startup_lpc11xx.o(.text)
    USB_IRQHandler                           0x00000183   Thumb Code     0  startup_lpc11xx.o(.text)
    WAKEUP_IRQHandler                        0x00000183   Thumb Code     0  startup_lpc11xx.o(.text)
    WDT_IRQHandler                           0x00000183   Thumb Code     0  startup_lpc11xx.o(.text)
    __user_initial_stackheap                 0x00000185   Thumb Code     0  startup_lpc11xx.o(.text)
    __2sprintf                               0x000001a5   Thumb Code    36  noretval__2sprintf.o(.text)
    _printf_pre_padding                      0x000001cd   Thumb Code    44  _printf_pad.o(.text)
    _printf_post_padding                     0x000001f9   Thumb Code    34  _printf_pad.o(.text)
    _printf_int_dec                          0x0000021d   Thumb Code    90  _printf_dec.o(.text)
    __use_two_region_memory                  0x00000289   Thumb Code     2  heapauxi.o(.text)
    __rt_heap_escrow$2region                 0x0000028b   Thumb Code     2  heapauxi.o(.text)
    __rt_heap_expand$2region                 0x0000028d   Thumb Code     2  heapauxi.o(.text)
    __aeabi_d2uiz                            0x00000291   Thumb Code     0  dfixui.o(.text)
    _dfixu                                   0x00000291   Thumb Code    68  dfixui.o(.text)
    _sputc                                   0x000002d9   Thumb Code    10  _sputc.o(.text)
    __rt_locale                              0x000002e5   Thumb Code     8  rt_locale_intlibspace.o(.text)
    __user_libspace                          0x000002ed   Thumb Code     8  libspace.o(.text)
    __user_perproc_libspace                  0x000002ed   Thumb Code     0  libspace.o(.text)
    __user_perthread_libspace                0x000002ed   Thumb Code     0  libspace.o(.text)
    __I$use$semihosting                      0x000002f5   Thumb Code     0  use_no_semi.o(.text)
    __use_no_semihosting_swi                 0x000002f5   Thumb Code     2  use_no_semi.o(.text)
    __I$use$fp                               0x000002f6   Number         0  usenofp.o(x$fpl$usenofp)
    __semihosting_library_function           0x000002f7   Thumb Code     0  indicate_semi.o(.text)
    __printf                                 0x00000301   Thumb Code   270  __printf_wp.o(.text)
    __aeabi_uidiv                            0x0000040f   Thumb Code     0  aeabi_sdiv.o(.text)
    __aeabi_uidivmod                         0x0000040f   Thumb Code    20  aeabi_sdiv.o(.text)
    __aeabi_idiv                             0x00000423   Thumb Code     0  aeabi_sdiv.o(.text)
    __aeabi_idivmod                          0x00000423   Thumb Code   326  aeabi_sdiv.o(.text)
    __aeabi_dadd                             0x00000861   Thumb Code     0  daddsub.o(.text)
    _dadd                                    0x00000861   Thumb Code    26  daddsub.o(.text)
    __aeabi_dsub                             0x0000087b   Thumb Code     0  daddsub.o(.text)
    _dsub                                    0x0000087b   Thumb Code    22  daddsub.o(.text)
    __aeabi_drsub                            0x00000891   Thumb Code     0  daddsub.o(.text)
    _drsb                                    0x00000891   Thumb Code    28  daddsub.o(.text)
    __aeabi_ddiv                             0x000008c1   Thumb Code     0  ddiv.o(.text)
    _ddiv                                    0x000008c1   Thumb Code  1072  ddiv.o(.text)
    _drdiv                                   0x00000cf1   Thumb Code    20  ddiv.o(.text)
    __aeabi_i2d_normalise                    0x00000d09   Thumb Code    66  dflti.o(.text)
    __aeabi_i2d                              0x00000d4b   Thumb Code    16  dflti.o(.text)
    _dflt                                    0x00000d4b   Thumb Code     0  dflti.o(.text)
    __aeabi_ui2d                             0x00000d5b   Thumb Code     6  dflti.o(.text)
    _dfltu                                   0x00000d5b   Thumb Code     0  dflti.o(.text)
    __aeabi_dmul                             0x00000d61   Thumb Code     0  dmul.o(.text)
    _dmul                                    0x00000d61   Thumb Code   558  dmul.o(.text)
    __aeabi_f2iz                             0x00000fa9   Thumb Code     0  ffixi.o(.text)
    _ffix                                    0x00000fa9   Thumb Code    76  ffixi.o(.text)
    __aeabi_i2f_normalise                    0x00000ff5   Thumb Code    72  fflti.o(.text)
    __aeabi_i2f                              0x0000103d   Thumb Code    16  fflti.o(.text)
    _fflt                                    0x0000103d   Thumb Code     0  fflti.o(.text)
    __aeabi_ui2f                             0x0000104d   Thumb Code     6  fflti.o(.text)
    _ffltu                                   0x0000104d   Thumb Code     0  fflti.o(.text)
    _printf_int_common                       0x00001053   Thumb Code   176  _printf_intcommon.o(.text)
    __lib_sel_fp_printf                      0x00001105   Thumb Code     2  _printf_fp_dec.o(.text)
    _printf_fp_dec_real                      0x0000129f   Thumb Code   620  _printf_fp_dec.o(.text)
    _printf_char_common                      0x00001523   Thumb Code    32  _printf_char_common.o(.text)
    __rt_udiv10                              0x00001549   Thumb Code    40  rtudiv10.o(.text)
    __fpl_dcmp_InfNaN                        0x00001571   Thumb Code   140  dcmpin.o(.text)
    _ll_udiv10                               0x00001601   Thumb Code   122  lludiv10.o(.text)
    _printf_fp_infnan                        0x0000167d   Thumb Code   120  _printf_fp_infnan.o(.text)
    _btod_etento                             0x00001705   Thumb Code   196  bigflt0.o(.text)
    _btod_d2e                                0x000017cd   Thumb Code    64  btod.o(.text)
    _btod_emul                               0x00001bc3   Thumb Code    24  btod.o(.text)
    _btod_emuld                              0x00001bdb   Thumb Code    60  btod.o(.text)
    _btod_ediv                               0x00001c17   Thumb Code    22  btod.o(.text)
    _btod_edivd                              0x00001c2d   Thumb Code    60  btod.o(.text)
    __fpl_cmpreturn                          0x00001c75   Thumb Code    46  cmpret.o(.text)
    __fpl_dcheck_NaN2                        0x00001ca5   Thumb Code    14  dnan2.o(.text)
    __user_setup_stackheap                   0x00001cb9   Thumb Code    62  sys_stackheap_outer.o(.text)
    exit                                     0x00001cf7   Thumb Code    16  exit.o(.text)
    strcmp                                   0x00001d09   Thumb Code   132  strcmp.o(.text)
    __fpl_return_NaN                         0x00001d91   Thumb Code    94  retnan.o(.text)
    _sys_exit                                0x00001df1   Thumb Code     8  sys_exit.o(.text)
    __decompress                             0x00001dfd   Thumb Code     0  __dczerorl2.o(.text)
    __decompress1                            0x00001dfd   Thumb Code    86  __dczerorl2.o(.text)
    ADC_Init                                 0x00001e55   Thumb Code   540  adc.o(i.ADC_Init)
    AT24C02_ReadOneByte                      0x00002081   Thumb Code    38  24c02.o(i.AT24C02_ReadOneByte)
    AT24C02_WriteOneByte                     0x000020a7   Thumb Code    36  24c02.o(i.AT24C02_WriteOneByte)
    I2C_Init                                 0x000020cd   Thumb Code   154  i2c.o(i.I2C_Init)
    I2C_Recieve_Byte                         0x00002171   Thumb Code    32  i2c.o(i.I2C_Recieve_Byte)
    I2C_Send_Byte                            0x00002191   Thumb Code    30  i2c.o(i.I2C_Send_Byte)
    I2C_Send_Ctrl                            0x000021af   Thumb Code   102  i2c.o(i.I2C_Send_Ctrl)
    I2C_Stop                                 0x00002215   Thumb Code    20  i2c.o(i.I2C_Stop)
    OLED_CLS                                 0x00002229   Thumb Code    56  oled.o(i.OLED_CLS)
    OLED_Fill                                0x00002261   Thumb Code    58  oled.o(i.OLED_Fill)
    OLED_Init                                0x0000229d   Thumb Code   282  oled.o(i.OLED_Init)
    OLED_P14x16Str                           0x000023c5   Thumb Code   242  oled.o(i.OLED_P14x16Str)
    OLED_P6x8Str                             0x000024c1   Thumb Code    92  oled.o(i.OLED_P6x8Str)
    OLED_Print                               0x00002521   Thumb Code    96  oled.o(i.OLED_Print)
    OLED_PrintNum                            0x00002581   Thumb Code    34  oled.o(i.OLED_PrintNum)
    OLED_Set_Pos                             0x000025a9   Thumb Code    46  oled.o(i.OLED_Set_Pos)
    OLED_WrCmd                               0x000025d9   Thumb Code   102  oled.o(i.OLED_WrCmd)
    OLED_WrDat                               0x00002645   Thumb Code   102  oled.o(i.OLED_WrDat)
    PIOINT3_IRQHandler                       0x000026b1   Thumb Code   300  key.o(i.PIOINT3_IRQHandler)
    SystemInit                               0x000027ed   Thumb Code   150  system_lpc11xx.o(i.SystemInit)
    UART_Init                                0x0000288d   Thumb Code   152  uart.o(i.UART_Init)
    UART_SendByte                            0x00002935   Thumb Code    20  uart.o(i.UART_SendByte)
    UART_SendStr                             0x0000294d   Thumb Code    28  uart.o(i.UART_SendStr)
    UART_send                                0x00002969   Thumb Code    32  uart.o(i.UART_send)
    UI                                       0x0000298d   Thumb Code   614  ui.o(i.UI)
    __ARM_common_ll_muluu                    0x00002c55   Thumb Code    48  btod.o(i.__ARM_common_ll_muluu)
    __ARM_common_switch8                     0x00002c85   Thumb Code    28  adc.o(i.__ARM_common_switch8)
    __ARM_fpclassify                         0x00002ca1   Thumb Code    40  fpclassify.o(i.__ARM_fpclassify)
    _is_digit                                0x00002ccd   Thumb Code    14  __printf_wp.o(i._is_digit)
    delay                                    0x00002cdd   Thumb Code    28  delay.o(i.delay)
    delay_i2c                                0x00002cfd   Thumb Code    28  24c02.o(i.delay_i2c)
    hightemp_setting                         0x00002d1d   Thumb Code   156  temperature.o(i.hightemp_setting)
    key_init                                 0x00002de1   Thumb Code    30  key.o(i.key_init)
    lowtemp_setting                          0x00002e09   Thumb Code   160  temperature.o(i.lowtemp_setting)
    main                                     0x00002ed1   Thumb Code    64  main.o(i.main)
    printscreen                              0x00002f19   Thumb Code   144  ui.o(i.printscreen)
    temp                                     0x00002fad   Thumb Code   728  temperature.o(i.temp)
    _get_lc_numeric                          0x00003305   Thumb Code    44  lc_numeric_c.o(locale$$code)
    __aeabi_cdcmple                          0x00003331   Thumb Code     0  dlef.o(x$fpl$dleqf)
    _dcmple                                  0x00003331   Thumb Code    94  dlef.o(x$fpl$dleqf)
    __aeabi_cdrcmple                         0x00003395   Thumb Code     0  drlef.o(x$fpl$drleqf)
    _drcmple                                 0x00003395   Thumb Code   100  drlef.o(x$fpl$drleqf)
    _printf_fp_dec                           0x000033fd   Thumb Code    16  printf1.o(x$fpl$printf1)
    F6x8                                     0x0000340c   Data         552  oled.o(.constdata)
    F14x16_Idx                               0x00003634   Data          27  oled.o(.constdata)
    F14x16                                   0x0000364f   Data         364  oled.o(.constdata)
    F8X16                                    0x000037bb   Data        1520  oled.o(.constdata)
    Region$$Table$$Base                      0x00003ec0   Number         0  anon$$obj.o(Region$$Table)
    Region$$Table$$Limit                     0x00003ee0   Number         0  anon$$obj.o(Region$$Table)
    low_temp                                 0x10000000   Data           4  temperature.o(.data)
    high_temp                                0x10000004   Data           4  temperature.o(.data)
    lastlow_temp                             0x10000008   Data           4  temperature.o(.data)
    lasthigh_temp                            0x1000000c   Data           4  temperature.o(.data)
    k                                        0x10000010   Data           4  temperature.o(.data)
    t                                        0x10000014   Data           4  temperature.o(.data)
    key_value                                0x10000018   Data           4  key.o(.data)
    key_mode                                 0x1000001c   Data           4  key.o(.data)
    Arrow                                    0x10000020   Data           1  ui.o(.data)
    chonum                                   0x10000021   Data           1  ui.o(.data)
    scrnum                                   0x10000022   Data           1  ui.o(.data)
    AR                                       0x10000023   Data           3  ui.o(.data)
    AC                                       0x10000026   Data           3  ui.o(.data)
    i                                        0x1000002c   Data           4  ui.o(.data)
    SystemCoreClock                          0x10000690   Data           4  system_lpc11xx.o(.data)
    GcRcvBuf                                 0x10000694   Data          20  temperature.o(.bss)
    __libspace_start                         0x100006a8   Data          96  libspace.o(.bss)
    __temporary_stack_top$libspace           0x10000708   Data           0  libspace.o(.bss)



==============================================================================

Memory Map of the image

  Image Entry point : 0x000000c1

  Load Region LR_IROM1 (Base: 0x00000000, Size: 0x00004590, Max: 0x00008000, ABSOLUTE, COMPRESSED[0x00003fd4])

    Execution Region ER_IROM1 (Base: 0x00000000, Size: 0x00003efc, Max: 0x00008000, ABSOLUTE)

    Base Addr    Size         Type   Attr      Idx    E Section Name        Object

    0x00000000   0x000000c0   Data   RO          567    RESET               startup_lpc11xx.o
    0x000000c0   0x00000008   Code   RO          648  * !!!main             c_p.l(__main.o)
    0x000000c8   0x0000003c   Code   RO          887    !!!scatter          c_p.l(__scatter.o)
    0x00000104   0x0000001c   Code   RO          889    !!handler_zi        c_p.l(__scatter_zi.o)
    0x00000120   0x00000002   Code   RO          641    .ARM.Collect$$_printf_percent$$00000000  c_p.l(_printf_percent.o)
    0x00000122   0x0000000a   Code   RO          640    .ARM.Collect$$_printf_percent$$00000003  c_p.l(_printf_f.o)
    0x0000012c   0x0000000a   Code   RO          639    .ARM.Collect$$_printf_percent$$00000009  c_p.l(_printf_d.o)
    0x00000136   0x00000004   Code   RO          684    .ARM.Collect$$_printf_percent$$00000017  c_p.l(_printf_percent_end.o)
    0x0000013a   0x00000002   Code   RO          755    .ARM.Collect$$libinit$$00000000  c_p.l(libinit.o)
    0x0000013c   0x00000000   Code   RO          757    .ARM.Collect$$libinit$$00000002  c_p.l(libinit2.o)
    0x0000013c   0x00000000   Code   RO          759    .ARM.Collect$$libinit$$00000004  c_p.l(libinit2.o)
    0x0000013c   0x00000000   Code   RO          762    .ARM.Collect$$libinit$$0000000A  c_p.l(libinit2.o)
    0x0000013c   0x00000000   Code   RO          764    .ARM.Collect$$libinit$$0000000C  c_p.l(libinit2.o)
    0x0000013c   0x00000000   Code   RO          766    .ARM.Collect$$libinit$$0000000E  c_p.l(libinit2.o)
    0x0000013c   0x00000006   Code   RO          767    .ARM.Collect$$libinit$$0000000F  c_p.l(libinit2.o)
    0x00000142   0x00000000   Code   RO          769    .ARM.Collect$$libinit$$00000011  c_p.l(libinit2.o)
    0x00000142   0x00000000   Code   RO          771    .ARM.Collect$$libinit$$00000013  c_p.l(libinit2.o)
    0x00000142   0x00000000   Code   RO          773    .ARM.Collect$$libinit$$00000015  c_p.l(libinit2.o)
    0x00000142   0x0000000a   Code   RO          774    .ARM.Collect$$libinit$$00000016  c_p.l(libinit2.o)
    0x0000014c   0x00000000   Code   RO          775    .ARM.Collect$$libinit$$00000017  c_p.l(libinit2.o)
    0x0000014c   0x00000000   Code   RO          777    .ARM.Collect$$libinit$$00000019  c_p.l(libinit2.o)
    0x0000014c   0x00000000   Code   RO          779    .ARM.Collect$$libinit$$0000001B  c_p.l(libinit2.o)
    0x0000014c   0x00000000   Code   RO          781    .ARM.Collect$$libinit$$0000001D  c_p.l(libinit2.o)
    0x0000014c   0x00000000   Code   RO          783    .ARM.Collect$$libinit$$0000001F  c_p.l(libinit2.o)
    0x0000014c   0x00000000   Code   RO          785    .ARM.Collect$$libinit$$00000021  c_p.l(libinit2.o)
    0x0000014c   0x00000000   Code   RO          787    .ARM.Collect$$libinit$$00000023  c_p.l(libinit2.o)
    0x0000014c   0x00000000   Code   RO          789    .ARM.Collect$$libinit$$00000025  c_p.l(libinit2.o)
    0x0000014c   0x00000000   Code   RO          793    .ARM.Collect$$libinit$$0000002C  c_p.l(libinit2.o)
    0x0000014c   0x00000000   Code   RO          795    .ARM.Collect$$libinit$$0000002E  c_p.l(libinit2.o)
    0x0000014c   0x00000000   Code   RO          797    .ARM.Collect$$libinit$$00000030  c_p.l(libinit2.o)
    0x0000014c   0x00000000   Code   RO          799    .ARM.Collect$$libinit$$00000032  c_p.l(libinit2.o)
    0x0000014c   0x00000002   Code   RO          800    .ARM.Collect$$libinit$$00000033  c_p.l(libinit2.o)
    0x0000014e   0x00000002   Code   RO          850    .ARM.Collect$$libshutdown$$00000000  c_p.l(libshutdown.o)
    0x00000150   0x00000000   Code   RO          868    .ARM.Collect$$libshutdown$$00000002  c_p.l(libshutdown2.o)
    0x00000150   0x00000000   Code   RO          870    .ARM.Collect$$libshutdown$$00000004  c_p.l(libshutdown2.o)
    0x00000150   0x00000000   Code   RO          873    .ARM.Collect$$libshutdown$$00000007  c_p.l(libshutdown2.o)
    0x00000150   0x00000000   Code   RO          876    .ARM.Collect$$libshutdown$$0000000A  c_p.l(libshutdown2.o)
    0x00000150   0x00000000   Code   RO          878    .ARM.Collect$$libshutdown$$0000000C  c_p.l(libshutdown2.o)
    0x00000150   0x00000000   Code   RO          881    .ARM.Collect$$libshutdown$$0000000F  c_p.l(libshutdown2.o)
    0x00000150   0x00000002   Code   RO          882    .ARM.Collect$$libshutdown$$00000010  c_p.l(libshutdown2.o)
    0x00000152   0x00000000   Code   RO          671    .ARM.Collect$$rtentry$$00000000  c_p.l(__rtentry.o)
    0x00000152   0x00000000   Code   RO          691    .ARM.Collect$$rtentry$$00000002  c_p.l(__rtentry2.o)
    0x00000152   0x00000006   Code   RO          703    .ARM.Collect$$rtentry$$00000004  c_p.l(__rtentry4.o)
    0x00000158   0x00000000   Code   RO          693    .ARM.Collect$$rtentry$$00000009  c_p.l(__rtentry2.o)
    0x00000158   0x00000004   Code   RO          694    .ARM.Collect$$rtentry$$0000000A  c_p.l(__rtentry2.o)
    0x0000015c   0x00000000   Code   RO          696    .ARM.Collect$$rtentry$$0000000C  c_p.l(__rtentry2.o)
    0x0000015c   0x00000008   Code   RO          697    .ARM.Collect$$rtentry$$0000000D  c_p.l(__rtentry2.o)
    0x00000164   0x00000002   Code   RO          804    .ARM.Collect$$rtexit$$00000000  c_p.l(rtexit.o)
    0x00000166   0x00000000   Code   RO          819    .ARM.Collect$$rtexit$$00000002  c_p.l(rtexit2.o)
    0x00000166   0x00000004   Code   RO          820    .ARM.Collect$$rtexit$$00000003  c_p.l(rtexit2.o)
    0x0000016a   0x00000006   Code   RO          821    .ARM.Collect$$rtexit$$00000004  c_p.l(rtexit2.o)
    0x00000170   0x00000034   Code   RO          569    .text               startup_lpc11xx.o
    0x000001a4   0x00000028   Code   RO          611    .text               c_p.l(noretval__2sprintf.o)
    0x000001cc   0x0000004e   Code   RO          615    .text               c_p.l(_printf_pad.o)
    0x0000021a   0x00000002   PAD
    0x0000021c   0x0000006c   Code   RO          617    .text               c_p.l(_printf_dec.o)
    0x00000288   0x00000006   Code   RO          646    .text               c_p.l(heapauxi.o)
    0x0000028e   0x00000002   PAD
    0x00000290   0x00000048   Code   RO          655    .text               fz_ps.l(dfixui.o)
    0x000002d8   0x0000000a   Code   RO          682    .text               c_p.l(_sputc.o)
    0x000002e2   0x00000002   PAD
    0x000002e4   0x00000008   Code   RO          710    .text               c_p.l(rt_locale_intlibspace.o)
    0x000002ec   0x00000008   Code   RO          736    .text               c_p.l(libspace.o)
    0x000002f4   0x00000002   Code   RO          837    .text               c_p.l(use_no_semi.o)
    0x000002f6   0x00000000   Code   RO          839    .text               c_p.l(indicate_semi.o)
    0x000002f6   0x00000000   Code   RO          689    x$fpl$usenofp       fz_ps.l(usenofp.o)
    0x000002f6   0x00000006   PAD
    0x000002fc   0x00000004   Code   RO          568    .ARM.__at_0x02FC    startup_lpc11xx.o
    0x00000300   0x0000010e   Code   RO          627    .text               c_p.l(__printf_wp.o)
    0x0000040e   0x0000015a   Code   RO          642    .text               c_p.l(aeabi_sdiv.o)
    0x00000568   0x00000358   Code   RO          650    .text               fz_ps.l(daddsub.o)
    0x000008c0   0x00000448   Code   RO          652    .text               fz_ps.l(ddiv.o)
    0x00000d08   0x00000058   Code   RO          657    .text               fz_ps.l(dflti.o)
    0x00000d60   0x00000248   Code   RO          661    .text               fz_ps.l(dmul.o)
    0x00000fa8   0x0000004c   Code   RO          665    .text               fz_ps.l(ffixi.o)
    0x00000ff4   0x0000005e   Code   RO          667    .text               fz_ps.l(fflti.o)
    0x00001052   0x000000b0   Code   RO          676    .text               c_p.l(_printf_intcommon.o)
    0x00001102   0x00000002   PAD
    0x00001104   0x00000414   Code   RO          678    .text               c_p.l(_printf_fp_dec.o)
    0x00001518   0x00000030   Code   RO          680    .text               c_p.l(_printf_char_common.o)
    0x00001548   0x00000028   Code   RO          685    .text               c_p.l(rtudiv10.o)
    0x00001570   0x00000090   Code   RO          687    .text               fz_ps.l(dcmpin.o)
    0x00001600   0x0000007a   Code   RO          712    .text               c_p.l(lludiv10.o)
    0x0000167a   0x00000002   PAD
    0x0000167c   0x00000088   Code   RO          714    .text               c_p.l(_printf_fp_infnan.o)
    0x00001704   0x000000c8   Code   RO          718    .text               c_p.l(bigflt0.o)
    0x000017cc   0x000004a8   Code   RO          721    .text               c_p.l(btod.o)
    0x00001c74   0x0000002e   Code   RO          728    .text               fz_ps.l(cmpret.o)
    0x00001ca2   0x00000002   PAD
    0x00001ca4   0x00000014   Code   RO          730    .text               fz_ps.l(dnan2.o)
    0x00001cb8   0x0000003e   Code   RO          739    .text               c_p.l(sys_stackheap_outer.o)
    0x00001cf6   0x00000010   Code   RO          742    .text               c_p.l(exit.o)
    0x00001d06   0x00000002   PAD
    0x00001d08   0x00000088   Code   RO          748    .text               c_p.l(strcmp.o)
    0x00001d90   0x0000005e   Code   RO          801    .text               fz_ps.l(retnan.o)
    0x00001dee   0x00000002   PAD
    0x00001df0   0x0000000c   Code   RO          816    .text               c_p.l(sys_exit.o)
    0x00001dfc   0x00000056   Code   RO          885    .text               c_p.l(__dczerorl2.o)
    0x00001e52   0x00000002   PAD
    0x00001e54   0x0000022c   Code   RO          263    i.ADC_Init          adc.o
    0x00002080   0x00000026   Code   RO          422    i.AT24C02_ReadOneByte  24c02.o
    0x000020a6   0x00000024   Code   RO          424    i.AT24C02_WriteOneByte  24c02.o
    0x000020ca   0x00000002   PAD
    0x000020cc   0x000000a4   Code   RO          370    i.I2C_Init          i2c.o
    0x00002170   0x00000020   Code   RO          371    i.I2C_Recieve_Byte  i2c.o
    0x00002190   0x0000001e   Code   RO          372    i.I2C_Send_Byte     i2c.o
    0x000021ae   0x00000066   Code   RO          373    i.I2C_Send_Ctrl     i2c.o
    0x00002214   0x00000014   Code   RO          374    i.I2C_Stop          i2c.o
    0x00002228   0x00000038   Code   RO          128    i.OLED_CLS          oled.o
    0x00002260   0x0000003a   Code   RO          130    i.OLED_Fill         oled.o
    0x0000229a   0x00000002   PAD
    0x0000229c   0x00000128   Code   RO          131    i.OLED_Init         oled.o
    0x000023c4   0x000000fc   Code   RO          132    i.OLED_P14x16Str    oled.o
    0x000024c0   0x00000060   Code   RO          133    i.OLED_P6x8Str      oled.o
    0x00002520   0x00000060   Code   RO          135    i.OLED_Print        oled.o
    0x00002580   0x00000028   Code   RO          136    i.OLED_PrintNum     oled.o
    0x000025a8   0x0000002e   Code   RO          138    i.OLED_Set_Pos      oled.o
    0x000025d6   0x00000002   PAD
    0x000025d8   0x0000006c   Code   RO          139    i.OLED_WrCmd        oled.o
    0x00002644   0x0000006c   Code   RO          140    i.OLED_WrDat        oled.o
    0x000026b0   0x0000013c   Code   RO          335    i.PIOINT3_IRQHandler  key.o
    0x000027ec   0x000000a0   Code   RO          578    i.SystemInit        system_lpc11xx.o
    0x0000288c   0x000000a8   Code   RO          297    i.UART_Init         uart.o
    0x00002934   0x00000018   Code   RO          298    i.UART_SendByte     uart.o
    0x0000294c   0x0000001c   Code   RO          299    i.UART_SendStr      uart.o
    0x00002968   0x00000024   Code   RO          300    i.UART_send         uart.o
    0x0000298c   0x000002c8   Code   RO          534    i.UI                ui.o
    0x00002c54   0x00000030   Code   RO          723    i.__ARM_common_ll_muluu  c_p.l(btod.o)
    0x00002c84   0x0000001c   Code   RO          284    i.__ARM_common_switch8  adc.o
    0x00002ca0   0x0000002c   Code   RO          734    i.__ARM_fpclassify  m_ps.l(fpclassify.o)
    0x00002ccc   0x0000000e   Code   RO          629    i._is_digit         c_p.l(__printf_wp.o)
    0x00002cda   0x00000002   PAD
    0x00002cdc   0x00000020   Code   RO          243    i.delay             delay.o
    0x00002cfc   0x00000020   Code   RO          425    i.delay_i2c         24c02.o
    0x00002d1c   0x000000c4   Code   RO           78    i.hightemp_setting  temperature.o
    0x00002de0   0x00000028   Code   RO          336    i.key_init          key.o
    0x00002e08   0x000000c8   Code   RO           79    i.lowtemp_setting   temperature.o
    0x00002ed0   0x00000048   Code   RO            3    i.main              main.o
    0x00002f18   0x00000094   Code   RO          535    i.printscreen       ui.o
    0x00002fac   0x00000358   Code   RO           80    i.temp              temperature.o
    0x00003304   0x0000002c   Code   RO          726    locale$$code        c_p.l(lc_numeric_c.o)
    0x00003330   0x00000064   Code   RO          659    x$fpl$dleqf         fz_ps.l(dlef.o)
    0x00003394   0x00000068   Code   RO          663    x$fpl$drleqf        fz_ps.l(drlef.o)
    0x000033fc   0x00000010   Code   RO          669    x$fpl$printf1       fz_ps.l(printf1.o)
    0x0000340c   0x0000099f   Data   RO          141    .constdata          oled.o
    0x00003dab   0x00000080   Data   RO          653    .constdata          fz_ps.l(ddiv.o)
    0x00003e2b   0x00000001   PAD
    0x00003e2c   0x00000094   Data   RO          719    .constdata          c_p.l(bigflt0.o)
    0x00003ec0   0x00000020   Data   RO          883    Region$$Table       anon$$obj.o
    0x00003ee0   0x0000001c   Data   RO          725    locale$$data        c_p.l(lc_numeric_c.o)


    Execution Region RW_IRAM1 (Base: 0x10000000, Size: 0x00000908, Max: 0x00002000, ABSOLUTE, COMPRESSED[0x000000d8])

    Base Addr    Size         Type   Attr      Idx    E Section Name        Object

    0x10000000   0x00000018   Data   RW           82    .data               temperature.o
    0x10000018   0x00000008   Data   RW          337    .data               key.o
    0x10000020   0x0000066e   Data   RW          536    .data               ui.o
    0x1000068e   0x00000002   PAD
    0x10000690   0x00000004   Data   RW          579    .data               system_lpc11xx.o
    0x10000694   0x00000014   Zero   RW           81    .bss                temperature.o
    0x100006a8   0x00000060   Zero   RW          737    .bss                c_p.l(libspace.o)
    0x10000708   0x00000000   Zero   RW          566    HEAP                startup_lpc11xx.o
    0x10000708   0x00000200   Zero   RW          565    STACK               startup_lpc11xx.o


==============================================================================

Image component sizes


      Code (inc. data)   RO Data    RW Data    ZI Data      Debug   Object Name

       106          4          0          0          0       1525   24c02.o
       584         26          0          0          0        675   adc.o
        32          4          0          0          0        436   delay.o
       348         10          0          0          0       2245   i2c.o
       356         26          0          8          0      15469   key.o
        72          8          0          0          0       4955   main.o
      1156         46       2463          0          0       6552   oled.o
        56         26        192          0        512        816   startup_lpc11xx.o
       160         10          0          4          0       1835   system_lpc11xx.o
      1252        208          0         24         20       2777   temperature.o
       256         24          0          0          0       2147   uart.o
       860        130          0       1646          0       2519   ui.o

    ----------------------------------------------------------------------
      5244        522       2687       1684        532      41951   Object Totals
         0          0         32          0          0          0   (incl. Generated)
         6          0          0          2          0          0   (incl. Padding)

    ----------------------------------------------------------------------

      Code (inc. data)   RO Data    RW Data    ZI Data      Debug   Library Member Name

        86          0          0          0          0          0   __dczerorl2.o
         8          0          0          0          0         68   __main.o
       284          0          0          0          0        136   __printf_wp.o
         0          0          0          0          0          0   __rtentry.o
        12          0          0          0          0          0   __rtentry2.o
         6          0          0          0          0          0   __rtentry4.o
        60          8          0          0          0          0   __scatter.o
        28          0          0          0          0          0   __scatter_zi.o
        48          6          0          0          0         88   _printf_char_common.o
        10          0          0          0          0          0   _printf_d.o
       108         18          0          0          0         76   _printf_dec.o
        10          0          0          0          0          0   _printf_f.o
      1044         14          0          0          0        176   _printf_fp_dec.o
       136         16          0          0          0         76   _printf_fp_infnan.o
       176          0          0          0          0         84   _printf_intcommon.o
        78          0          0          0          0        100   _printf_pad.o
         2          0          0          0          0          0   _printf_percent.o
         4          0          0          0          0          0   _printf_percent_end.o
        10          0          0          0          0         60   _sputc.o
       346          0          0          0          0         92   aeabi_sdiv.o
       200          4        148          0          0         80   bigflt0.o
      1240         12          0          0          0        316   btod.o
        16          0          0          0          0         68   exit.o
         6          0          0          0          0        136   heapauxi.o
         0          0          0          0          0          0   indicate_semi.o
        44         10         28          0          0         76   lc_numeric_c.o
         2          0          0          0          0          0   libinit.o
        18          0          0          0          0          0   libinit2.o
         2          0          0          0          0          0   libshutdown.o
         2          0          0          0          0          0   libshutdown2.o
         8          4          0          0         96         68   libspace.o
       122          0          0          0          0         72   lludiv10.o
        40          4          0          0          0         84   noretval__2sprintf.o
         8          4          0          0          0         68   rt_locale_intlibspace.o
         2          0          0          0          0          0   rtexit.o
        10          0          0          0          0          0   rtexit2.o
        40          0          0          0          0         60   rtudiv10.o
       136          4          0          0          0         72   strcmp.o
        12          4          0          0          0         60   sys_exit.o
        62          0          0          0          0         80   sys_stackheap_outer.o
         2          0          0          0          0         68   use_no_semi.o
        46          0          0          0          0         60   cmpret.o
       856         20          0          0          0        208   daddsub.o
       144          4          0          0          0         76   dcmpin.o
      1096         26        128          0          0        112   ddiv.o
        72          4          0          0          0         68   dfixui.o
        88          0          0          0          0         92   dflti.o
       100          4          0          0          0         92   dlef.o
       584         26          0          0          0         84   dmul.o
        20          6          0          0          0         68   dnan2.o
       104          4          0          0          0        104   drlef.o
        76          0          0          0          0         68   ffixi.o
        94          0          0          0          0         92   fflti.o
        16          4          0          0          0         76   printf1.o
        94          0          0          0          0         68   retnan.o
         0          0          0          0          0          0   usenofp.o
        44          4          0          0          0         60   fpclassify.o

    ----------------------------------------------------------------------
      7888        210        305          0         96       3592   Library Totals
        26          0          1          0          0          0   (incl. Padding)

    ----------------------------------------------------------------------

      Code (inc. data)   RO Data    RW Data    ZI Data      Debug   Library Name

      4428        108        176          0         96       2264   c_p.l
      3390         98        128          0          0       1268   fz_ps.l
        44          4          0          0          0         60   m_ps.l

    ----------------------------------------------------------------------
      7888        210        305          0         96       3592   Library Totals

    ----------------------------------------------------------------------

==============================================================================


      Code (inc. data)   RO Data    RW Data    ZI Data      Debug   

     13132        732       2992       1684        628      42503   Grand Totals
     13132        732       2992        216        628      42503   ELF Image Totals (compressed)
     13132        732       2992        216          0          0   ROM Totals

==============================================================================

    Total RO  Size (Code + RO Data)                16124 (  15.75kB)
    Total RW  Size (RW Data + ZI Data)              2312 (   2.26kB)
    Total ROM Size (Code + RO Data + RW Data)      16340 (  15.96kB)

==============================================================================

